###############################################################################
#
# IAR ELF Linker V8.22.1.15669/W32 for ARM                19/Aug/2024  19:58:31
# Copyright 2007-2018 IAR Systems AB.
#
#    Output file  =  D:\S__CODE__\Perpaid_FW\Compiler\Debug\Exe\12S.out
#    Map file     =  D:\S__CODE__\Perpaid_FW\Compiler\Debug\List\12S.map
#    Command line =  
#        -f C:\Users\AHMED~1.ABD\AppData\Local\Temp\EWDF17.tmp
#        (D:\S__CODE__\Perpaid_FW\Compiler\Debug\Obj\Activity_Calender.o
#        D:\S__CODE__\Perpaid_FW\Compiler\Debug\Obj\ADC_Program.o
#        D:\S__CODE__\Perpaid_FW\Compiler\Debug\Obj\ADE7953.o
#        D:\S__CODE__\Perpaid_FW\Compiler\Debug\Obj\AES.o
#        D:\S__CODE__\Perpaid_FW\Compiler\Debug\Obj\basic_srv.o
#        D:\S__CODE__\Perpaid_FW\Compiler\Debug\Obj\bit.o
#        D:\S__CODE__\Perpaid_FW\Compiler\Debug\Obj\Bluetooth_cc41.o
#        D:\S__CODE__\Perpaid_FW\Compiler\Debug\Obj\Cal_Act.o
#        D:\S__CODE__\Perpaid_FW\Compiler\Debug\Obj\Cal_Evt.o
#        D:\S__CODE__\Perpaid_FW\Compiler\Debug\Obj\Cal_Get.o
#        D:\S__CODE__\Perpaid_FW\Compiler\Debug\Obj\Cal_Obj.o
#        D:\S__CODE__\Perpaid_FW\Compiler\Debug\Obj\Cal_Set.o
#        D:\S__CODE__\Perpaid_FW\Compiler\Debug\Obj\Calender_Manager.o
#        D:\S__CODE__\Perpaid_FW\Compiler\Debug\Obj\cc1120_interface.o
#        D:\S__CODE__\Perpaid_FW\Compiler\Debug\Obj\cc1120_MAC.o
#        D:\S__CODE__\Perpaid_FW\Compiler\Debug\Obj\cc1120_RF.o
#        D:\S__CODE__\Perpaid_FW\Compiler\Debug\Obj\Channels.o
#        D:\S__CODE__\Perpaid_FW\Compiler\Debug\Obj\Channels_plat.o
#        D:\S__CODE__\Perpaid_FW\Compiler\Debug\Obj\CLK_Program.o
#        D:\S__CODE__\Perpaid_FW\Compiler\Debug\Obj\Clock.o
#        D:\S__CODE__\Perpaid_FW\Compiler\Debug\Obj\comm.o
#        D:\S__CODE__\Perpaid_FW\Compiler\Debug\Obj\Consol_program.o
#        D:\S__CODE__\Perpaid_FW\Compiler\Debug\Obj\contact_card.o
#        D:\S__CODE__\Perpaid_FW\Compiler\Debug\Obj\Cosem_Main.o
#        D:\S__CODE__\Perpaid_FW\Compiler\Debug\Obj\ctrl.o
#        D:\S__CODE__\Perpaid_FW\Compiler\Debug\Obj\Dal_E2p.o
#        D:\S__CODE__\Perpaid_FW\Compiler\Debug\Obj\Dal_Ip.o
#        D:\S__CODE__\Perpaid_FW\Compiler\Debug\Obj\Dal_Phy.o
#        D:\S__CODE__\Perpaid_FW\Compiler\Debug\Obj\Dal_Rs.o
#        D:\S__CODE__\Perpaid_FW\Compiler\Debug\Obj\Dal_Sys.o
#        D:\S__CODE__\Perpaid_FW\Compiler\Debug\Obj\Delta_Algorithm.o
#        D:\S__CODE__\Perpaid_FW\Compiler\Debug\Obj\disconnector.o
#        D:\S__CODE__\Perpaid_FW\Compiler\Debug\Obj\display.o
#        D:\S__CODE__\Perpaid_FW\Compiler\Debug\Obj\Dlms_Appli.o
#        D:\S__CODE__\Perpaid_FW\Compiler\Debug\Obj\Dlms_Asso.o
#        D:\S__CODE__\Perpaid_FW\Compiler\Debug\Obj\Dlms_Gcm.o
#        D:\S__CODE__\Perpaid_FW\Compiler\Debug\Obj\Dlms_Hdlc.o
#        D:\S__CODE__\Perpaid_FW\Compiler\Debug\Obj\Dlms_Hdlc_plat.o
#        D:\S__CODE__\Perpaid_FW\Compiler\Debug\Obj\Dlms_Intf.o
#        D:\S__CODE__\Perpaid_FW\Compiler\Debug\Obj\Dlms_IpWrap.o
#        D:\S__CODE__\Perpaid_FW\Compiler\Debug\Obj\Dlms_Main.o
#        D:\S__CODE__\Perpaid_FW\Compiler\Debug\Obj\Dlms_PhyLp.o
#        D:\S__CODE__\Perpaid_FW\Compiler\Debug\Obj\Dlms_PhyRs.o
#        D:\S__CODE__\Perpaid_FW\Compiler\Debug\Obj\Dlms_Secur.o
#        D:\S__CODE__\Perpaid_FW\Compiler\Debug\Obj\Dlms_str_tools.o
#        D:\S__CODE__\Perpaid_FW\Compiler\Debug\Obj\Dlms_Switch.o
#        D:\S__CODE__\Perpaid_FW\Compiler\Debug\Obj\Dlms_SwitchDl.o
#        D:\S__CODE__\Perpaid_FW\Compiler\Debug\Obj\Dlms_SwitchPhy.o
#        D:\S__CODE__\Perpaid_FW\Compiler\Debug\Obj\Dlms_Xdr.o
#        D:\S__CODE__\Perpaid_FW\Compiler\Debug\Obj\Dot_Matrix_Interfacing.o
#        D:\S__CODE__\Perpaid_FW\Compiler\Debug\Obj\Dot_Matrix_MCAL.o
#        D:\S__CODE__\Perpaid_FW\Compiler\Debug\Obj\Driver_ISO7816_V85XX.o
#        D:\S__CODE__\Perpaid_FW\Compiler\Debug\Obj\Driver_ISO7816_V94XX.o
#        D:\S__CODE__\Perpaid_FW\Compiler\Debug\Obj\EEPROM.o
#        D:\S__CODE__\Perpaid_FW\Compiler\Debug\Obj\Event_Log.o
#        D:\S__CODE__\Perpaid_FW\Compiler\Debug\Obj\Event_Notification.o
#        D:\S__CODE__\Perpaid_FW\Compiler\Debug\Obj\file_sys.o
#        D:\S__CODE__\Perpaid_FW\Compiler\Debug\Obj\Flash.o
#        D:\S__CODE__\Perpaid_FW\Compiler\Debug\Obj\Flash_app.o
#        D:\S__CODE__\Perpaid_FW\Compiler\Debug\Obj\G2_DM.o
#        D:\S__CODE__\Perpaid_FW\Compiler\Debug\Obj\gcm.o
#        D:\S__CODE__\Perpaid_FW\Compiler\Debug\Obj\GM_Data_Model.o
#        D:\S__CODE__\Perpaid_FW\Compiler\Debug\Obj\GM_File_Sys_Manager.o
#        D:\S__CODE__\Perpaid_FW\Compiler\Debug\Obj\GM_GPRS_Interface.o
#        D:\S__CODE__\Perpaid_FW\Compiler\Debug\Obj\GM_Manager.o
#        D:\S__CODE__\Perpaid_FW\Compiler\Debug\Obj\GPIO_Program.o
#        D:\S__CODE__\Perpaid_FW\Compiler\Debug\Obj\gprs_sys.o
#        D:\S__CODE__\Perpaid_FW\Compiler\Debug\Obj\I2C_Program.o
#        D:\S__CODE__\Perpaid_FW\Compiler\Debug\Obj\iec62056_21_master.o
#        D:\S__CODE__\Perpaid_FW\Compiler\Debug\Obj\iec62056_21_slave.o
#        D:\S__CODE__\Perpaid_FW\Compiler\Debug\Obj\iso7816_3_ctrl.o
#        D:\S__CODE__\Perpaid_FW\Compiler\Debug\Obj\iso7816_4.o
#        D:\S__CODE__\Perpaid_FW\Compiler\Debug\Obj\ISO7816_Program.o
#        D:\S__CODE__\Perpaid_FW\Compiler\Debug\Obj\Keypad.o
#        D:\S__CODE__\Perpaid_FW\Compiler\Debug\Obj\LCD_HQ30774.o
#        D:\S__CODE__\Perpaid_FW\Compiler\Debug\Obj\limiter.o
#        D:\S__CODE__\Perpaid_FW\Compiler\Debug\Obj\Limiter_new.o
#        D:\S__CODE__\Perpaid_FW\Compiler\Debug\Obj\Load_Limit_Plan.o
#        D:\S__CODE__\Perpaid_FW\Compiler\Debug\Obj\Main.o
#        D:\S__CODE__\Perpaid_FW\Compiler\Debug\Obj\meter_init.o
#        D:\S__CODE__\Perpaid_FW\Compiler\Debug\Obj\Meter_Program.o
#        D:\S__CODE__\Perpaid_FW\Compiler\Debug\Obj\MFRC522.o
#        D:\S__CODE__\Perpaid_FW\Compiler\Debug\Obj\MODEM.o
#        D:\S__CODE__\Perpaid_FW\Compiler\Debug\Obj\Os_Error.o
#        D:\S__CODE__\Perpaid_FW\Compiler\Debug\Obj\Os_Timer.o
#        D:\S__CODE__\Perpaid_FW\Compiler\Debug\Obj\pc_plat.o
#        D:\S__CODE__\Perpaid_FW\Compiler\Debug\Obj\plat.o
#        D:\S__CODE__\Perpaid_FW\Compiler\Debug\Obj\Power_modes.o
#        D:\S__CODE__\Perpaid_FW\Compiler\Debug\Obj\Power_Quality.o
#        D:\S__CODE__\Perpaid_FW\Compiler\Debug\Obj\Profile.o
#        D:\S__CODE__\Perpaid_FW\Compiler\Debug\Obj\queue.o
#        D:\S__CODE__\Perpaid_FW\Compiler\Debug\Obj\Register_Activation.o
#        D:\S__CODE__\Perpaid_FW\Compiler\Debug\Obj\RF_Link.o
#        D:\S__CODE__\Perpaid_FW\Compiler\Debug\Obj\rfid_sys.o
#        D:\S__CODE__\Perpaid_FW\Compiler\Debug\Obj\RTC_Program.o
#        D:\S__CODE__\Perpaid_FW\Compiler\Debug\Obj\self_test.o
#        D:\S__CODE__\Perpaid_FW\Compiler\Debug\Obj\soft_spi_drv.o
#        D:\S__CODE__\Perpaid_FW\Compiler\Debug\Obj\soft_spi_intf.o
#        D:\S__CODE__\Perpaid_FW\Compiler\Debug\Obj\Special_Days.o
#        D:\S__CODE__\Perpaid_FW\Compiler\Debug\Obj\SPI_Program.o
#        D:\S__CODE__\Perpaid_FW\Compiler\Debug\Obj\startup_V85XX.o
#        D:\S__CODE__\Perpaid_FW\Compiler\Debug\Obj\STS_Common.o
#        D:\S__CODE__\Perpaid_FW\Compiler\Debug\Obj\STS_CRC.o
#        D:\S__CODE__\Perpaid_FW\Compiler\Debug\Obj\STS_Decrypt.o
#        D:\S__CODE__\Perpaid_FW\Compiler\Debug\Obj\STS_DES.o
#        D:\S__CODE__\Perpaid_FW\Compiler\Debug\Obj\STS_Execute.o
#        D:\S__CODE__\Perpaid_FW\Compiler\Debug\Obj\STS_Key_Store.o
#        D:\S__CODE__\Perpaid_FW\Compiler\Debug\Obj\STS_Module.o
#        D:\S__CODE__\Perpaid_FW\Compiler\Debug\Obj\STS_test.o
#        D:\S__CODE__\Perpaid_FW\Compiler\Debug\Obj\STS_Timer.o
#        D:\S__CODE__\Perpaid_FW\Compiler\Debug\Obj\STS_Token_Interface.o
#        D:\S__CODE__\Perpaid_FW\Compiler\Debug\Obj\STS_Token_Store.o
#        D:\S__CODE__\Perpaid_FW\Compiler\Debug\Obj\System_V94XX.o
#        D:\S__CODE__\Perpaid_FW\Compiler\Debug\Obj\SystemTick_Program.o
#        D:\S__CODE__\Perpaid_FW\Compiler\Debug\Obj\Tampers.o
#        D:\S__CODE__\Perpaid_FW\Compiler\Debug\Obj\Tariff_Script_Table.o
#        D:\S__CODE__\Perpaid_FW\Compiler\Debug\Obj\TarrifRegisters.o
#        D:\S__CODE__\Perpaid_FW\Compiler\Debug\Obj\Task_priority.o
#        D:\S__CODE__\Perpaid_FW\Compiler\Debug\Obj\TI_CC1120.o
#        D:\S__CODE__\Perpaid_FW\Compiler\Debug\Obj\TIMER_hdlc.o
#        D:\S__CODE__\Perpaid_FW\Compiler\Debug\Obj\Timer_Program.o
#        D:\S__CODE__\Perpaid_FW\Compiler\Debug\Obj\trf_pymt.o
#        D:\S__CODE__\Perpaid_FW\Compiler\Debug\Obj\UART_Program.o
#        D:\S__CODE__\Perpaid_FW\Compiler\Debug\Obj\UI.o
#        D:\S__CODE__\Perpaid_FW\Compiler\Debug\Obj\v85xx_adc.o
#        D:\S__CODE__\Perpaid_FW\Compiler\Debug\Obj\v85xx_adc_tiny.o
#        D:\S__CODE__\Perpaid_FW\Compiler\Debug\Obj\v85xx_ana.o
#        D:\S__CODE__\Perpaid_FW\Compiler\Debug\Obj\v85xx_clk.o
#        D:\S__CODE__\Perpaid_FW\Compiler\Debug\Obj\v85xx_comp.o
#        D:\S__CODE__\Perpaid_FW\Compiler\Debug\Obj\v85xx_cortex.o
#        D:\S__CODE__\Perpaid_FW\Compiler\Debug\Obj\v85xx_crypt.o
#        D:\S__CODE__\Perpaid_FW\Compiler\Debug\Obj\v85xx_dma.o
#        D:\S__CODE__\Perpaid_FW\Compiler\Debug\Obj\v85xx_flash.o
#        D:\S__CODE__\Perpaid_FW\Compiler\Debug\Obj\v85xx_gpio.o
#        D:\S__CODE__\Perpaid_FW\Compiler\Debug\Obj\v85xx_i2c.o
#        D:\S__CODE__\Perpaid_FW\Compiler\Debug\Obj\v85xx_iso7816.o
#        D:\S__CODE__\Perpaid_FW\Compiler\Debug\Obj\v85xx_isr.o
#        D:\S__CODE__\Perpaid_FW\Compiler\Debug\Obj\v85xx_lcd.o
#        D:\S__CODE__\Perpaid_FW\Compiler\Debug\Obj\v85xx_LoadNVR.o
#        D:\S__CODE__\Perpaid_FW\Compiler\Debug\Obj\v85xx_misc.o
#        D:\S__CODE__\Perpaid_FW\Compiler\Debug\Obj\v85xx_pmu.o
#        D:\S__CODE__\Perpaid_FW\Compiler\Debug\Obj\v85xx_pwm.o
#        D:\S__CODE__\Perpaid_FW\Compiler\Debug\Obj\v85xx_rtc.o
#        D:\S__CODE__\Perpaid_FW\Compiler\Debug\Obj\v85xx_spi.o
#        D:\S__CODE__\Perpaid_FW\Compiler\Debug\Obj\v85xx_tmr.o
#        D:\S__CODE__\Perpaid_FW\Compiler\Debug\Obj\v85xx_u32k.o
#        D:\S__CODE__\Perpaid_FW\Compiler\Debug\Obj\v85xx_uart.o
#        D:\S__CODE__\Perpaid_FW\Compiler\Debug\Obj\v85xx_version.o
#        D:\S__CODE__\Perpaid_FW\Compiler\Debug\Obj\v85xx_wdt.o
#        D:\S__CODE__\Perpaid_FW\Compiler\Debug\Obj\V9203.o
#        D:\S__CODE__\Perpaid_FW\Compiler\Debug\Obj\V9261f.o
#        D:\S__CODE__\Perpaid_FW\Compiler\Debug\Obj\V9360.o
#        D:\S__CODE__\Perpaid_FW\Compiler\Debug\Obj\V9381.o
#        D:\S__CODE__\Perpaid_FW\Compiler\Debug\Obj\V94XX_ADC.o
#        D:\S__CODE__\Perpaid_FW\Compiler\Debug\Obj\V94XX_ADC_Tiny.o
#        D:\S__CODE__\Perpaid_FW\Compiler\Debug\Obj\V94XX_ANA.o
#        D:\S__CODE__\Perpaid_FW\Compiler\Debug\Obj\V94XX_CLK.o
#        D:\S__CODE__\Perpaid_FW\Compiler\Debug\Obj\V94XX_CodeRAM.o
#        D:\S__CODE__\Perpaid_FW\Compiler\Debug\Obj\V94XX_COMP.o
#        D:\S__CODE__\Perpaid_FW\Compiler\Debug\Obj\V94XX_CORTEX.o
#        D:\S__CODE__\Perpaid_FW\Compiler\Debug\Obj\V94XX_CRYPT.o
#        D:\S__CODE__\Perpaid_FW\Compiler\Debug\Obj\V94XX_DMA.o
#        D:\S__CODE__\Perpaid_FW\Compiler\Debug\Obj\V94XX_FLASH.o
#        D:\S__CODE__\Perpaid_FW\Compiler\Debug\Obj\V94XX_GPIO.o
#        D:\S__CODE__\Perpaid_FW\Compiler\Debug\Obj\V94XX_I2C.o
#        D:\S__CODE__\Perpaid_FW\Compiler\Debug\Obj\V94XX_ISO7816.o
#        D:\S__CODE__\Perpaid_FW\Compiler\Debug\Obj\V94XX_ISR.o
#        D:\S__CODE__\Perpaid_FW\Compiler\Debug\Obj\V94XX_LCD.o
#        D:\S__CODE__\Perpaid_FW\Compiler\Debug\Obj\V94XX_LoadNVR.o
#        D:\S__CODE__\Perpaid_FW\Compiler\Debug\Obj\V94XX_MISC.o
#        D:\S__CODE__\Perpaid_FW\Compiler\Debug\Obj\V94XX_PMU.o
#        D:\S__CODE__\Perpaid_FW\Compiler\Debug\Obj\V94XX_PWM.o
#        D:\S__CODE__\Perpaid_FW\Compiler\Debug\Obj\V94XX_RTC.o
#        D:\S__CODE__\Perpaid_FW\Compiler\Debug\Obj\V94XX_SPI.o
#        D:\S__CODE__\Perpaid_FW\Compiler\Debug\Obj\V94XX_TMR.o
#        D:\S__CODE__\Perpaid_FW\Compiler\Debug\Obj\V94XX_U32K.o
#        D:\S__CODE__\Perpaid_FW\Compiler\Debug\Obj\V94XX_UART.o
#        D:\S__CODE__\Perpaid_FW\Compiler\Debug\Obj\V94XX_Version.o
#        D:\S__CODE__\Perpaid_FW\Compiler\Debug\Obj\V94XX_WDT.o
#        D:\S__CODE__\Perpaid_FW\Compiler\Debug\Obj\Vango85x_lcd.o
#        D:\S__CODE__\Perpaid_FW\Compiler\Debug\Obj\ymodem.o -o
#        D:\S__CODE__\Perpaid_FW\Compiler\Debug\Exe\12S.out --map
#        D:\S__CODE__\Perpaid_FW\Compiler\Debug\List\12S.map --config
#        D:\S__CODE__\Perpaid_FW\Compiler\V85XX_flash.icf --diag_suppress lt009
#        --semihosting --entry __iar_program_start --vfe --text_out locale)
#
###############################################################################

*******************************************************************************
*** RUNTIME MODEL ATTRIBUTES
***

CppFlavor       = *
__SystemLibrary = DLib
__dlib_version  = 6


*******************************************************************************
*** HEAP SELECTION
***

The basic heap was selected because no calls to memory allocation
functions were found in the application outside of system library
functions, and there are calls to deallocation functions in the
application.


*******************************************************************************
*** PLACEMENT SUMMARY
***

"A0":  place at 0x00002000 { ro section .intvec };
"P1":  place in [from 0x00002000 to 0x0003ffff] { ro };
define block CSTACK with size = 4K, alignment = 8 { };
define block HEAP with size = 1K, alignment = 8 { };
"P2":  place in [from 0x20000800 to 0x20007fff] {
          rw, block CSTACK, block HEAP };
initialize by copy { rw };

No sections matched the following patterns:

  ro section .Reset_Handler_text  in "A1"


  Section            Kind        Address     Size  Object
  -------            ----        -------     ----  ------
"A0":                                        0xb0
  .intvec            ro code  0x00002000     0xb0  startup_V85XX.o [1]
                            - 0x000020b0     0xb0

"P1":                                     0x21f1a
  .text              ro code  0x000020b0   0x6a9c  display.o [1]
  .text              ro code  0x00008b4c     0xe0  I32DivModFast.o [5]
  .text              ro code  0x00008c2c    0x30c  LCD_HQ30774.o [1]
  .text              ro code  0x00008f38     0xe0  Vango85x_lcd.o [1]
  .text              ro code  0x00009018    0x360  file_sys.o [1]
  .text              ro code  0x00009378     0x5c  ABImemcpy.o [5]
  .text              ro code  0x000093d4     0xce  v85xx_cortex.o [1]
  .text              ro code  0x000094a2      0xa  xsprout.o [3]
  .text              ro code  0x000094ac     0x64  ABImemset.o [5]
  .text              ro code  0x00009510     0x16  uread4.o [5]
  .text              ro code  0x00009528   0x2594  rfid_sys.o [1]
  .text              ro code  0x0000babc   0x3978  Meter_Program.o [1]
  .text              ro code  0x0000f434    0x1d0  Dot_Matrix_MCAL.o [1]
  .text              ro code  0x0000f604     0x10  strlen.o [5]
  .text              ro code  0x0000f614    0x500  basic_srv.o [1]
  .text              ro code  0x0000fb14   0x1da0  V9203.o [1]
  .text              ro code  0x000118b4     0x32  I64Mul.o [5]
  .text              ro code  0x000118e6     0x6a  I64DivMod.o [5]
  .text              ro code  0x00011950   0x2ab4  trf_pymt.o [1]
  .text              ro code  0x00014404   0x34f0  ctrl.o [1]
  .text              ro code  0x000178f4    0xcf6  Dot_Matrix_Interfacing.o [1]
  .text              ro code  0x000185ec    0x6a8  GPIO_Program.o [1]
  .text              ro code  0x00018c94    0x300  v85xx_pmu.o [1]
  .text              ro code  0x00018f94     0x34  Task_priority.o [1]
  .text              ro code  0x00018fc8   0x1328  comm.o [1]
  .text              ro code  0x0001a2f0      0x2  IntDivZer.o [5]
  .text              ro code  0x0001a2f4     0x34  v85xx_lcd.o [1]
  .text              ro code  0x0001a328    0x46c  EEPROM.o [1]
  .text              ro code  0x0001a794    0x874  Flash_app.o [1]
  .text              ro code  0x0001b008    0x82a  Flash.o [1]
  .text              ro code  0x0001b834     0x14  uwrite4.o [5]
  .text              ro code  0x0001b848     0xc6  AES.o [1]
  .text              ro code  0x0001b910    0xdb0  MFRC522.o [1]
  .text              ro code  0x0001c6c0    0xc58  iec62056_21_slave.o [1]
  .text              ro code  0x0001d318    0x724  Delta_Algorithm.o [1]
  .text              ro code  0x0001da3c    0xa0a  iso7816_3_ctrl.o [1]
  .text              ro code  0x0001e446     0x28  memcmp.o [5]
  .text              ro code  0x0001e470     0x70  IxxToDbl.o [4]
  .text              ro code  0x0001e4e0     0xc0  sqrt.o [4]
  .text              ro code  0x0001e5a0     0x52  DblToI32.o [4]
  .text              ro code  0x0001e5f4     0x6c  Timer_Program.o [1]
  .text              ro code  0x0001e660    0x260  SPI_Program.o [1]
  .text              ro code  0x0001e8c0    0x16c  RTC_Program.o [1]
  .text              ro code  0x0001ea2c     0x1e  uwrite8.o [5]
  .text              ro code  0x0001ea4c     0x2a  uread8.o [5]
  .text              ro code  0x0001ea78    0x10c  acos64.o [4]
  .text              ro code  0x0001eb84    0x184  DblMul.o [4]
  .text              ro code  0x0001ed08    0x444  cos_sin64.o [4]
  .text              ro code  0x0001f14c    0x1b4  DblAddSub.o [4]
  .text              ro code  0x0001f300     0x5e  IxxToFlt.o [4]
  .text              ro code  0x0001f360     0x32  FltToDbl.o [4]
  .text              ro code  0x0001f392     0xc2  DblDiv.o [4]
  .text              ro code  0x0001f454     0x80  DblToI64.o [4]
  .text              ro code  0x0001f4d4    0x120  FltAddSub.o [4]
  .text              ro code  0x0001f5f4     0xaa  FltDiv.o [4]
  .text              ro code  0x0001f69e     0xb0  FltMul.o [4]
  .text              ro code  0x0001f74e     0x62  DblToFlt.o [4]
  .text              ro code  0x0001f7b0     0x3a  FltToS32.o [4]
  .text              ro code  0x0001f7ec     0x50  CLK_Program.o [1]
  .text              ro code  0x0001f83c      0x2  I64DivZer.o [5]
  .text              ro code  0x0001f840     0xf8  mktime.o [3]
  .text              ro code  0x0001f938     0x1c  difftime.o [4]
  .text              ro code  0x0001f954    0x168  v85xx_adc.o [1]
  .text              ro code  0x0001fabc    0x41c  UART_Program.o [1]
  .text              ro code  0x0001fed8     0xb0  v85xx_spi.o [1]
  .text              ro code  0x0001ff88     0xc0  v85xx_rtc.o [1]
  .text              ro code  0x00020048    0xe44  self_test.o [1]
  .text              ro code  0x00020e8c     0x84  Power_modes.o [1]
  .text              ro code  0x00020f10     0x74  v85xx_tmr.o [1]
  .text              ro code  0x00020f84     0x34  v85xx_ana.o [1]
  .text              ro code  0x00020fb8     0x24  v85xx_wdt.o [1]
  .text              ro code  0x00020fdc     0xd4  meter_init.o [1]
  .text              ro code  0x000210b0    0x20c  ADC_Program.o [1]
  .text              ro code  0x000212bc    0x11c  v85xx_gpio.o [1]
  .text              ro code  0x000213d8    0x4c4  v85xx_i2c.o [1]
  .text              ro code  0x0002189c    0x32c  v85xx_clk.o [1]
  .text              ro code  0x00021bc8     0xdc  I2C_Program.o [1]
  .text              ro code  0x00021ca4    0x170  v85xx_dma.o [1]
  .text              ro code  0x00021e14     0x5c  v85xx_flash.o [1]
  .text              ro code  0x00021e70     0xac  ISO7816_Program.o [1]
  CHIPINIT           ro code  0x00021f1c     0x6c  startup_V85XX.o [1]
  .text              ro code  0x00021f88    0x268  iar_Atan64.o [4]
  .text              ro code  0x000221f0     0x32  DblCmpLe.o [4]
  .text              ro code  0x00022224     0x6c  xDaysTo.o [3]
  .text              ro code  0x00022290    0x118  xttotm.o [3]
  .text              ro code  0x000223a8      0x4  xTzoff_nop.o [3]
  .text              ro code  0x000223ac     0xb4  v85xx_uart.o [1]
  .text              ro code  0x00022460     0x40  sprintf.o [3]
  .text              ro code  0x000224a0     0x60  v85xx_LoadNVR.o [1]
  .text              ro code  0x00022500     0x20  FltCmpEq.o [4]
  .text              ro code  0x00022520     0x26  FltCmpLe.o [4]
  .text              ro code  0x00022548    0x208  v85xx_iso7816.o [1]
  .text              ro code  0x00022750      0x6  xisdst_nop.o [3]
  .text              ro code  0x00022756    0x186  xprintftiny.o [3]
  .text              ro code  0x000228dc    0x7b4  Driver_ISO7816_V85XX.o [1]
  .text              ro code  0x00023090    0x5ae  v85xx_isr.o [1]
  .rodata            const    0x00023640    0x100  EEPROM.o [1]
  .text              ro code  0x00023740     0xc4  Main.o [1]
  .rodata            const    0x00023804     0xb0  display.o [1]
  .rodata            const    0x000238b4     0x84  V9203.o [1]
  .text              ro code  0x00023938     0x80  lz77_init_single.o [5]
  .rodata            const    0x000239b8     0x78  V9203.o [1]
  .rodata            const    0x00023a30     0x50  Driver_ISO7816_V85XX.o [1]
  .rodata            const    0x00023a80     0x44  ctrl.o [1]
  .text              ro code  0x00023ac4     0x3c  zero_init3.o [5]
  .rodata            const    0x00023b00     0x38  iec62056_21_slave.o [1]
  .rodata            const    0x00023b38     0x38  rfid_sys.o [1]
  .rodata            const    0x00023b70     0x34  display.o [1]
  .rodata            const    0x00023ba4     0x30  display.o [1]
  .rodata            const    0x00023bd4     0x2c  V9203.o [1]
  .text              ro code  0x00023c00     0x28  data_init.o [5]
  .iar.init_table    const    0x00023c28     0x20  - Linker created -
  .text              ro code  0x00023c48     0x1e  cmain.o [5]
  .text              ro code  0x00023c66      0x4  low_level_init.o [3]
  .text              ro code  0x00023c6a      0x8  exit.o [3]
  .text              ro code  0x00023c74      0xa  cexit.o [5]
  .text              ro code  0x00023c80     0x14  exit.o [6]
  .rodata            const    0x00023c94     0x10  display.o [1]
  .text              ro code  0x00023ca4     0x10  startup_V85XX.o [1]
  .rodata            const    0x00023cb4      0xc  display.o [1]
  .rodata            const    0x00023cc0      0xc  display.o [1]
  .rodata            const    0x00023ccc      0xc  display.o [1]
  .rodata            const    0x00023cd8      0xc  display.o [1]
  .rodata            const    0x00023ce4      0xc  display.o [1]
  .rodata            const    0x00023cf0      0xc  display.o [1]
  .rodata            const    0x00023cfc      0xc  display.o [1]
  .rodata            const    0x00023d08      0xc  V9203.o [1]
  .rodata            const    0x00023d14      0xc  V9203.o [1]
  .rodata            const    0x00023d20      0xc  V9203.o [1]
  .text              ro code  0x00023d2c      0xc  cstartup_M.o [5]
  .rodata            const    0x00023d38      0xa  Meter_Program.o [1]
  .rodata            const    0x00023d44      0x8  comm.o [1]
  .rodata            const    0x00023d4c      0x8  display.o [1]
  .rodata            const    0x00023d54      0x8  display.o [1]
  .rodata            const    0x00023d5c      0x8  display.o [1]
  .rodata            const    0x00023d64      0x8  display.o [1]
  .rodata            const    0x00023d6c      0x8  display.o [1]
  .rodata            const    0x00023d74      0x8  display.o [1]
  .rodata            const    0x00023d7c      0x8  display.o [1]
  .rodata            const    0x00023d84      0x8  display.o [1]
  .rodata            const    0x00023d8c      0x8  display.o [1]
  .rodata            const    0x00023d94      0x8  trf_pymt.o [1]
  .rodata            const    0x00023d9c      0x8  V9203.o [1]
  .rodata            const    0x00023da4      0x8  V9203.o [1]
  .rodata            const    0x00023dac      0x8  V9203.o [1]
  .rodata            const    0x00023db4      0x8  V9203.o [1]
  .rodata            const    0x00023dbc      0x8  V9203.o [1]
  .rodata            const    0x00023dc4      0x0  zero_init3.o [5]
  .rodata            const    0x00023dc4      0x0  lz77_init_single.o [5]
  Initializer bytes  const    0x00023dc4    0x206  <for P2-1>
                            - 0x00023fca  0x21f1a

"P2", part 1 of 3:                          0x462
  P2-1                        0x20000800    0x462  <Init block>
    .data            inited   0x20000800      0x8  V9203.o [1]
    .data            inited   0x20000808     0x26  Dot_Matrix_Interfacing.o [1]
    .data            inited   0x20000830     0x28  iec62056_21_slave.o [1]
    .data            inited   0x20000858     0x19  iso7816_3_ctrl.o [1]
    .data            inited   0x20000874     0x40  Meter_Program.o [1]
    .data            inited   0x200008b4     0x64  rfid_sys.o [1]
    .data            inited   0x20000918    0x198  self_test.o [1]
    .data            inited   0x20000ab0     0x14  v85xx_iso7816.o [1]
    .data            inited   0x20000ac4      0x8  v85xx_isr.o [1]
    .data            inited   0x20000acc    0x180  V9203.o [1]
    .data            inited   0x20000c4c      0x2  Delta_Algorithm.o [1]
    .data            inited   0x20000c4e      0xa  MFRC522.o [1]
    .data            inited   0x20000c58      0x1  display.o [1]
    .data            inited   0x20000c59      0x1  display.o [1]
    .data            inited   0x20000c5a      0x1  display.o [1]
    .data            inited   0x20000c5b      0x1  display.o [1]
    .data            inited   0x20000c5c      0x5  Meter_Program.o [1]
    .data            inited   0x20000c61      0x1  rfid_sys.o [1]
                            - 0x20000c62    0x462

"P2", part 2 of 3:                         0x34d4
  .bss               zero     0x20000c64    0x7d0  rfid_sys.o [1]
  .bss               zero     0x20001434    0x614  ctrl.o [1]
  .bss               zero     0x20001a48    0x580  Dot_Matrix_Interfacing.o [1]
  .bss               zero     0x20001fc8    0x420  iec62056_21_slave.o [1]
  .bss               zero     0x200023e8    0x400  Delta_Algorithm.o [1]
  .bss               zero     0x200027e8    0x3e8  iec62056_21_slave.o [1]
  .bss               zero     0x20002bd0    0x3b0  Meter_Program.o [1]
  .bss               zero     0x20002f80    0x2c4  trf_pymt.o [1]
  .bss               zero     0x20003244    0x1c0  rfid_sys.o [1]
  .bss               zero     0x20003404    0x128  iso7816_3_ctrl.o [1]
  .bss               zero     0x2000352c    0x128  iso7816_3_ctrl.o [1]
  .bss               zero     0x20003654    0x110  comm.o [1]
  .bss               zero     0x20003764    0x104  Flash.o [1]
  .bss               zero     0x20003868    0x100  Dot_Matrix_Interfacing.o [1]
  .bss               zero     0x20003968     0xc8  V9203.o [1]
  .bss               zero     0x20003a30     0x80  Dot_Matrix_Interfacing.o [1]
  .bss               zero     0x20003ab0     0x80  V9203.o [1]
  .bss               zero     0x20003b30     0x74  trf_pymt.o [1]
  .bss               zero     0x20003ba4     0x6c  Delta_Algorithm.o [1]
  .bss               zero     0x20003c10     0x60  V9203.o [1]
  .bss               zero     0x20003c70     0x58  display.o [1]
  .bss               zero     0x20003cc8     0x58  ISO7816_Program.o [1]
  .bss               zero     0x20003d20     0x50  Flash_app.o [1]
  .bss               zero     0x20003d70     0x50  Flash_app.o [1]
  .bss               zero     0x20003dc0     0x3c  trf_pymt.o [1]
  .bss               zero     0x20003dfc     0x38  ctrl.o [1]
  .bss               zero     0x20003e34     0x2c  V9203.o [1]
  .bss               zero     0x20003e60     0x2c  xttotm.o [3]
  .bss               zero     0x20003e8c     0x20  Meter_Program.o [1]
  .bss               zero     0x20003eac     0x1c  display.o [1]
  .bss               zero     0x20003ec8     0x1c  Dot_Matrix_Interfacing.o [1]
  .bss               zero     0x20003ee4     0x1c  Driver_ISO7816_V85XX.o [1]
  .bss               zero     0x20003f00     0x1c  Driver_ISO7816_V85XX.o [1]
  .bss               zero     0x20003f1c     0x18  display.o [1]
  .bss               zero     0x20003f38     0x18  V9203.o [1]
  .bss               zero     0x20003f50     0x18  V9203.o [1]
  .bss               zero     0x20003f68     0x14  Driver_ISO7816_V85XX.o [1]
  .bss               zero     0x20003f7c     0x14  Driver_ISO7816_V85XX.o [1]
  .bss               zero     0x20003f90     0x14  Meter_Program.o [1]
  .bss               zero     0x20003fa4     0x14  Meter_Program.o [1]
  .bss               zero     0x20003fb8     0x14  trf_pymt.o [1]
  .bss               zero     0x20003fcc     0x10  rfid_sys.o [1]
  .bss               zero     0x20003fdc     0x10  rfid_sys.o [1]
  .bss               zero     0x20003fec     0x10  rfid_sys.o [1]
  .bss               zero     0x20003ffc     0x10  V9203.o [1]
  .bss               zero     0x2000400c      0xd  MFRC522.o [1]
  .bss               zero     0x20004019      0x6  basic_srv.o [1]
  .bss               zero     0x2000401f      0x1  ctrl.o [1]
  .bss               zero     0x20004020      0xc  display.o [1]
  .bss               zero     0x2000402c      0xc  Flash.o [1]
  .bss               zero     0x20004038      0xc  rfid_sys.o [1]
  .bss               zero     0x20004044      0xc  V9203.o [1]
  .bss               zero     0x20004050      0xa  UART_Program.o [1]
  .bss               zero     0x2000405a      0x6  comm.o [1]
  .bss               zero     0x20004060      0x8  display.o [1]
  .bss               zero     0x20004068      0x8  display.o [1]
  .bss               zero     0x20004070      0x8  display.o [1]
  .bss               zero     0x20004078      0x8  trf_pymt.o [1]
  .bss               zero     0x20004080      0x8  v85xx_clk.o [1]
  .bss               zero     0x20004088      0x8  v85xx_isr.o [1]
  .bss               zero     0x20004090      0x8  v85xx_isr.o [1]
  .bss               zero     0x20004098      0x6  iec62056_21_slave.o [1]
  .bss               zero     0x2000409e      0x2  ctrl.o [1]
  .bss               zero     0x200040a0      0x4  ADC_Program.o [1]
  .bss               zero     0x200040a4      0x4  comm.o [1]
  .bss               zero     0x200040a8      0x4  display.o [1]
  .bss               zero     0x200040ac      0x4  display.o [1]
  .bss               zero     0x200040b0      0x4  display.o [1]
  .bss               zero     0x200040b4      0x4  display.o [1]
  .bss               zero     0x200040b8      0x4  Driver_ISO7816_V85XX.o [1]
  .bss               zero     0x200040bc      0x4  Meter_Program.o [1]
  .bss               zero     0x200040c0      0x4  Timer_Program.o [1]
  .bss               zero     0x200040c4      0x4  trf_pymt.o [1]
  .bss               zero     0x200040c8      0x4  v85xx_isr.o [1]
  .bss               zero     0x200040cc      0x4  V9203.o [1]
  .bss               zero     0x200040d0      0x4  V9203.o [1]
  .bss               zero     0x200040d4      0x4  V9203.o [1]
  .bss               zero     0x200040d8      0x4  V9203.o [1]
  .bss               zero     0x200040dc      0x4  V9203.o [1]
  .bss               zero     0x200040e0      0x2  display.o [1]
  .bss               zero     0x200040e2      0x2  display.o [1]
  .bss               zero     0x200040e4      0x2  display.o [1]
  .bss               zero     0x200040e6      0x2  display.o [1]
  .bss               zero     0x200040e8      0x2  display.o [1]
  .bss               zero     0x200040ea      0x2  meter_init.o [1]
  .bss               zero     0x200040ec      0x2  Meter_Program.o [1]
  .bss               zero     0x200040ee      0x2  Meter_Program.o [1]
  .bss               zero     0x200040f0      0x2  Meter_Program.o [1]
  .bss               zero     0x200040f2      0x2  Task_priority.o [1]
  .bss               zero     0x200040f4      0x2  UART_Program.o [1]
  .bss               zero     0x200040f6      0x2  v85xx_adc.o [1]
  .bss               zero     0x200040f8      0x2  V9203.o [1]
  .bss               zero     0x200040fa      0x1  ctrl.o [1]
  .bss               zero     0x200040fb      0x1  ctrl.o [1]
  .bss               zero     0x200040fc      0x1  ctrl.o [1]
  .bss               zero     0x200040fd      0x1  ctrl.o [1]
  .bss               zero     0x200040fe      0x1  ctrl.o [1]
  .bss               zero     0x200040ff      0x1  display.o [1]
  .bss               zero     0x20004100      0x1  display.o [1]
  .bss               zero     0x20004101      0x1  display.o [1]
  .bss               zero     0x20004102      0x1  display.o [1]
  .bss               zero     0x20004103      0x1  display.o [1]
  .bss               zero     0x20004104      0x1  display.o [1]
  .bss               zero     0x20004105      0x1  display.o [1]
  .bss               zero     0x20004106      0x1  display.o [1]
  .bss               zero     0x20004107      0x1  display.o [1]
  .bss               zero     0x20004108      0x1  display.o [1]
  .bss               zero     0x20004109      0x1  display.o [1]
  .bss               zero     0x2000410a      0x1  display.o [1]
  .bss               zero     0x2000410b      0x1  display.o [1]
  .bss               zero     0x2000410c      0x1  display.o [1]
  .bss               zero     0x2000410d      0x1  display.o [1]
  .bss               zero     0x2000410e      0x1  display.o [1]
  .bss               zero     0x2000410f      0x1  display.o [1]
  .bss               zero     0x20004110      0x1  display.o [1]
  .bss               zero     0x20004111      0x1  display.o [1]
  .bss               zero     0x20004112      0x1  display.o [1]
  .bss               zero     0x20004113      0x1  display.o [1]
  .bss               zero     0x20004114      0x1  display.o [1]
  .bss               zero     0x20004115      0x1  display.o [1]
  .bss               zero     0x20004116      0x1  display.o [1]
  .bss               zero     0x20004117      0x1  display.o [1]
  .bss               zero     0x20004118      0x1  display.o [1]
  .bss               zero     0x20004119      0x1  display.o [1]
  .bss               zero     0x2000411a      0x1  display.o [1]
  .bss               zero     0x2000411b      0x1  display.o [1]
  .bss               zero     0x2000411c      0x1  display.o [1]
  .bss               zero     0x2000411d      0x1  display.o [1]
  .bss               zero     0x2000411e      0x1  display.o [1]
  .bss               zero     0x2000411f      0x1  EEPROM.o [1]
  .bss               zero     0x20004120      0x1  file_sys.o [1]
  .bss               zero     0x20004121      0x1  file_sys.o [1]
  .bss               zero     0x20004122      0x1  Flash_app.o [1]
  .bss               zero     0x20004123      0x1  Flash_app.o [1]
  .bss               zero     0x20004124      0x1  iec62056_21_slave.o [1]
  .bss               zero     0x20004125      0x1  iso7816_3_ctrl.o [1]
  .bss               zero     0x20004126      0x1  iso7816_3_ctrl.o [1]
  .bss               zero     0x20004127      0x1  Main.o [1]
  .bss               zero     0x20004128      0x1  Meter_Program.o [1]
  .bss               zero     0x20004129      0x1  Meter_Program.o [1]
  .bss               zero     0x2000412a      0x1  Meter_Program.o [1]
  .bss               zero     0x2000412b      0x1  Power_modes.o [1]
  .bss               zero     0x2000412c      0x1  self_test.o [1]
  .bss               zero     0x2000412d      0x1  trf_pymt.o [1]
  .bss               zero     0x2000412e      0x1  v85xx_isr.o [1]
  .bss               zero     0x2000412f      0x1  v85xx_isr.o [1]
  .bss               zero     0x20004130      0x1  V9203.o [1]
  .bss               zero     0x20004131      0x1  V9203.o [1]
  .bss               zero     0x20004132      0x1  V9203.o [1]
  .bss               zero     0x20004133      0x1  V9203.o [1]
  .bss               zero     0x20004134      0x1  V9203.o [1]
  .bss               zero     0x20004135      0x1  V9203.o [1]
  .bss               zero     0x20004136      0x1  V9203.o [1]
                            - 0x20004137   0x34d3

"P2", part 3 of 3:                         0x1000
  CSTACK                      0x20004138   0x1000  <Block>
    CSTACK           uninit   0x20004138   0x1000  <Block tail>
                            - 0x20005138   0x1000


*******************************************************************************
*** INIT TABLE
***

          Address     Size
          -------     ----
Zero (__iar_zero_init3)
    1 destination range, total size 0x34d3:
          0x20000c64  0x34d3

Copy/lz77 (__iar_lz77_init_single3)
    1 source range, total size 0x206 (46% of destination):
          0x00023dc4   0x206
    1 destination range, total size 0x462:
          0x20000800   0x462



*******************************************************************************
*** MODULE SUMMARY
***

    Module                    ro code  ro data  rw data
    ------                    -------  -------  -------
D:\S__CODE__\Perpaid_FW\Compiler\Debug\Obj: [1]
    ADC_Program.o                 524                 4
    AES.o                         198
    CLK_Program.o                  80
    Delta_Algorithm.o           1 828        1    1 134
    Dot_Matrix_Interfacing.o    3 318       18    1 858
    Dot_Matrix_MCAL.o             464
    Driver_ISO7816_V85XX.o      1 972       80      100
    EEPROM.o                    1 132      256        1
    Flash.o                     2 090               272
    Flash_app.o                 2 164               162
    GPIO_Program.o              1 704
    I2C_Program.o                 220
    ISO7816_Program.o             172                88
    LCD_HQ30774.o                 780
    MFRC522.o                   3 504        5       23
    Main.o                        196                 1
    Meter_Program.o            14 712       43    1 098
    Power_modes.o                 132                 1
    RTC_Program.o                 364
    SPI_Program.o                 608
    Task_priority.o                52                 2
    Timer_Program.o               108                 4
    UART_Program.o              1 052                12
    V9203.o                     7 584      552      965
    Vango85x_lcd.o                224
    basic_srv.o                 1 280                 6
    comm.o                      4 904        8      282
    ctrl.o                     13 552       68    1 620
    display.o                  27 292      450      238
    file_sys.o                    864                 2
    iec62056_21_slave.o         3 160       75    2 103
    iso7816_3_ctrl.o            2 570       12      619
    meter_init.o                  212                 2
    rfid_sys.o                  9 620      103    2 609
    self_test.o                 3 652      188      409
    startup_V85XX.o               300
    trf_pymt.o                 10 932        8      917
    v85xx_LoadNVR.o                96
    v85xx_adc.o                   360                 2
    v85xx_ana.o                    52
    v85xx_clk.o                   812                 8
    v85xx_cortex.o                206
    v85xx_dma.o                   368
    v85xx_flash.o                  92
    v85xx_gpio.o                  284
    v85xx_i2c.o                 1 220
    v85xx_iso7816.o               520        9       20
    v85xx_isr.o                 1 454        4       30
    v85xx_lcd.o                    52
    v85xx_pmu.o                   768
    v85xx_rtc.o                   192
    v85xx_spi.o                   176
    v85xx_tmr.o                   116
    v85xx_uart.o                  180
    v85xx_wdt.o                    36
    ---------------------------------------------------
    Total:                    130 504    1 880   14 592

command line: [2]
    ---------------------------------------------------
    Total:

dl6M_tln.a: [3]
    exit.o                          8
    low_level_init.o                4
    mktime.o                      248
    sprintf.o                      64
    xDaysTo.o                     108
    xTzoff_nop.o                    4
    xisdst_nop.o                    6
    xprintftiny.o                 390
    xsprout.o                      10
    xttotm.o                      280                44
    ---------------------------------------------------
    Total:                      1 122                44

m6M_tl.a: [4]
    DblAddSub.o                   436
    DblCmpLe.o                     50
    DblDiv.o                      194
    DblMul.o                      388
    DblToFlt.o                     98
    DblToI32.o                     82
    DblToI64.o                    128
    FltAddSub.o                   288
    FltCmpEq.o                     32
    FltCmpLe.o                     38
    FltDiv.o                      170
    FltMul.o                      176
    FltToDbl.o                     50
    FltToS32.o                     58
    IxxToDbl.o                    112
    IxxToFlt.o                     94
    acos64.o                      268
    cos_sin64.o                 1 092
    difftime.o                     28
    iar_Atan64.o                  616
    sqrt.o                        192
    ---------------------------------------------------
    Total:                      4 590

rt6M_tl.a: [5]
    ABImemcpy.o                    92
    ABImemset.o                   100
    I32DivModFast.o               224
    I64DivMod.o                   106
    I64DivZer.o                     2
    I64Mul.o                       50
    IntDivZer.o                     2
    cexit.o                        10
    cmain.o                        30
    cstartup_M.o                   12
    data_init.o                    40
    lz77_init_single.o            128
    memcmp.o                       40
    strlen.o                       16
    uread4.o                       22
    uread8.o                       42
    uwrite4.o                      20
    uwrite8.o                      30
    zero_init3.o                   60
    ---------------------------------------------------
    Total:                      1 026

shb_l.a: [6]
    exit.o                         20
    ---------------------------------------------------
    Total:                         20

    Gaps                           32        4        9
    Linker created                          32    4 096
-------------------------------------------------------
    Grand Total:              137 294    1 916   18 741


*******************************************************************************
*** ENTRY LIST
***

Entry                      Address    Size  Type      Object
-----                      -------    ----  ----      ------
.iar.init_table$$Base   0x00023c28           --   Gb  - Linker created -
.iar.init_table$$Limit  0x00023c48           --   Gb  - Linker created -
?main                   0x00023c49          Code  Gb  cmain.o [5]
ABS                     0x0000f8dd     0xe  Code  Gb  basic_srv.o [1]
ACC_EXT_FlashDestination
                        0x20003be4     0x4  Data  Lc  Delta_Algorithm.o [1]
ACT_POW                 0x20003f38    0x18  Data  Gb  V9203.o [1]
ADC_CalculateVoltage    0x0002119d    0x70  Code  Gb  ADC_Program.o [1]
ADC_Cmd                 0x0001f9fd    0x32  Code  Gb  v85xx_adc.o [1]
ADC_DeInit              0x0001f955    0x42  Code  Gb  v85xx_adc.o [1]
ADC_GetADCConversionValue
                        0x0001fa9d     0xa  Code  Gb  v85xx_adc.o [1]
ADC_Init                0x0001f997    0x4c  Code  Gb  v85xx_adc.o [1]
ADC_RESDivisionCmd      0x0001fa77    0x1c  Code  Gb  v85xx_adc.o [1]
ADC_StartManual         0x0001fa31    0x28  Code  Gb  v85xx_adc.o [1]
ADC_WaitForManual       0x0001fa59    0x1e  Code  Gb  v85xx_adc.o [1]
AES_decrypt_block       0x0001b8a5    0x1e  Code  Gb  AES.o [1]
AES_encrypt_block       0x0001b883    0x22  Code  Gb  AES.o [1]
AES_init                0x0001b90d     0x2  Code  Gb  AES.o [1]
ANA_ClearINTStatus      0x00020f95     0x6  Code  Gb  v85xx_ana.o [1]
ANA_GetINTStatus        0x00020f85    0x10  Code  Gb  v85xx_ana.o [1]
ANA_INTConfig           0x00020f9b    0x14  Code  Gb  v85xx_ana.o [1]
ANA_IRQHandler          0x00023547    0xb2  Code  Gb  v85xx_isr.o [1]
ARM_ISO78160_Control    0x00022fe9     0xc  Code  Lc  Driver_ISO7816_V85XX.o [1]
ARM_ISO78160_GetRxCount
                        0x00022fdd     0xc  Code  Lc  Driver_ISO7816_V85XX.o [1]
ARM_ISO78160_GetStatus  0x00022ff5     0xc  Code  Lc  Driver_ISO7816_V85XX.o [1]
ARM_ISO78160_GetTxCount
                        0x00022fd1     0xc  Code  Lc  Driver_ISO7816_V85XX.o [1]
ARM_ISO78160_IRQHandler
                        0x00023001     0xc  Code  Gb  Driver_ISO7816_V85XX.o [1]
ARM_ISO78160_Initialize
                        0x00022fa1     0xc  Code  Lc  Driver_ISO7816_V85XX.o [1]
ARM_ISO78160_Receive    0x00022fc5     0xc  Code  Lc  Driver_ISO7816_V85XX.o [1]
ARM_ISO78160_Send       0x00022fb9     0xc  Code  Lc  Driver_ISO7816_V85XX.o [1]
ARM_ISO78160_Uninitialize
                        0x00022fad     0xc  Code  Lc  Driver_ISO7816_V85XX.o [1]
ARM_ISO78161_Control    0x00023055     0xc  Code  Lc  Driver_ISO7816_V85XX.o [1]
ARM_ISO78161_GetRxCount
                        0x00023049     0xc  Code  Lc  Driver_ISO7816_V85XX.o [1]
ARM_ISO78161_GetStatus  0x00023061     0xc  Code  Lc  Driver_ISO7816_V85XX.o [1]
ARM_ISO78161_GetTxCount
                        0x0002303d     0xc  Code  Lc  Driver_ISO7816_V85XX.o [1]
ARM_ISO78161_IRQHandler
                        0x0002306d     0xc  Code  Gb  Driver_ISO7816_V85XX.o [1]
ARM_ISO78161_Initialize
                        0x0002300d     0xc  Code  Lc  Driver_ISO7816_V85XX.o [1]
ARM_ISO78161_Receive    0x00023031     0xc  Code  Lc  Driver_ISO7816_V85XX.o [1]
ARM_ISO78161_Send       0x00023025     0xc  Code  Lc  Driver_ISO7816_V85XX.o [1]
ARM_ISO78161_Uninitialize
                        0x00023019     0xc  Code  Lc  Driver_ISO7816_V85XX.o [1]
ARM_ISO7816_Control     0x00022aaf   0x23c  Code  Lc  Driver_ISO7816_V85XX.o [1]
ARM_ISO7816_GetCapabilities
                        0x000228e9     0x6  Code  Lc  Driver_ISO7816_V85XX.o [1]
ARM_ISO7816_GetRxCount  0x00022a9d    0x12  Code  Lc  Driver_ISO7816_V85XX.o [1]
ARM_ISO7816_GetStatus   0x00022cf1    0x24  Code  Lc  Driver_ISO7816_V85XX.o [1]
ARM_ISO7816_GetTxCount  0x00022a8b    0x12  Code  Lc  Driver_ISO7816_V85XX.o [1]
ARM_ISO7816_GetVersion  0x000228dd     0x6  Code  Lc  Driver_ISO7816_V85XX.o [1]
ARM_ISO7816_IRQHandler  0x00022d15   0x288  Code  Lc  Driver_ISO7816_V85XX.o [1]
ARM_ISO7816_Initialize  0x000228f5    0x5c  Code  Lc  Driver_ISO7816_V85XX.o [1]
ARM_ISO7816_Receive     0x00022a03    0x88  Code  Lc  Driver_ISO7816_V85XX.o [1]
ARM_ISO7816_Send        0x00022985    0x7e  Code  Lc  Driver_ISO7816_V85XX.o [1]
ARM_ISO7816_Uninitialize
                        0x00022955    0x30  Code  Lc  Driver_ISO7816_V85XX.o [1]
Act_pow_error           0x20003f50    0x18  Data  Gb  V9203.o [1]
Address_Increment_byPage
                        0x0001b271    0x26  Code  Lc  Flash.o [1]
BAUDRATE                0x20000abc     0x8  Data  Gb  v85xx_iso7816.o [1]
BCDToDecimal            0x0000f9b1    0x14  Code  Gb  basic_srv.o [1]
BL_acc_page_index       0x200008ea     0x2  Data  Lc  rfid_sys.o [1]
BL_acc_page_index_prev  0x200008ec     0x2  Data  Lc  rfid_sys.o [1]
BL_size_data            0x200008ee     0x2  Data  Gb  rfid_sys.o [1]
BL_total_pages          0x200008e6     0x2  Data  Lc  rfid_sys.o [1]
BL_total_pages_prv      0x200008e8     0x2  Data  Lc  rfid_sys.o [1]
BS_check_all_zeros      0x0000f973    0x26  Code  Gb  basic_srv.o [1]
BS_check_rtc_senq_date_time
                        0x0000fa4f    0x66  Code  Gb  basic_srv.o [1]
BS_check_valid_date     0x0000f8ed    0x64  Code  Gb  basic_srv.o [1]
BS_valid_current_date_time
                        0x0000f9e3    0x6c  Code  Gb  basic_srv.o [1]
Bat_Value               0x2000091d     0x1  Data  Gb  self_test.o [1]
BatteryTestCmd          0x20000a84     0xc  Data  Gb  self_test.o [1]
BootLoaderFirmwareLocation
                        0x20000c4c     0x2  Data  Gb  Delta_Algorithm.o [1]
BootLoaderWithCard      0x200008cf     0x1  Data  Gb  rfid_sys.o [1]
BootLoader_Clr_Flag     0x0000b49d    0x3e  Code  Gb  rfid_sys.o [1]
Boot_loader_flag        0x20003e02     0x1  Data  Gb  ctrl.o [1]
Boot_loader_timeout     0x2000405e     0x2  Data  Gb  comm.o [1]
CID_ENA                 0x20000c52     0x1  Data  Gb  MFRC522.o [1]
CLK_APBPeriphralCmd     0x00021a1b    0x14  Code  Gb  v85xx_clk.o [1]
CLK_ClockConfig         0x0002189d   0x17e  Code  Gb  v85xx_clk.o [1]
CLK_GetHCLKFreq         0x00021a39   0x154  Code  Gb  v85xx_clk.o [1]
CLK_GetPCLKFreq         0x00021b91    0x14  Code  Gb  v85xx_clk.o [1]
CORTEX_NVIC_DisableIRQ  0x00009493     0x8  Code  Gb  v85xx_cortex.o [1]
CORTEX_NVIC_EnableIRQ   0x0000948b     0x8  Code  Gb  v85xx_cortex.o [1]
CORTEX_NVIC_SystemReset
                        0x0000949b     0x8  Code  Gb  v85xx_cortex.o [1]
CORTEX_SetPriority_ClearPending_EnableIRQ
                        0x00009471    0x1a  Code  Gb  v85xx_cortex.o [1]
CSTACK$$Base            0x20004138           --   Gb  - Linker created -
CSTACK$$Limit           0x20005138           --   Gb  - Linker created -
CTRL_set_technicial_id_value
                        0x000176c5    0x76  Code  Gb  ctrl.o [1]
CURR_RMS                0x20003ffc    0x10  Data  Gb  V9203.o [1]
Calc_bill               0x00013bd1   0x45e  Code  Gb  trf_pymt.o [1]
Check_retrieval_display
                        0x0000ba49    0x46  Code  Gb  rfid_sys.o [1]
Check_var               0x2000412f     0x1  Data  Gb  v85xx_isr.o [1]
Contact_ContactLess_Flag
                        0x200032c5     0x1  Data  Gb  rfid_sys.o [1]
ConvertUint32ToBytes    0x0001b6a9    0x14  Code  Gb  Flash.o [1]
Current_Max             0x20000930     0x2  Data  Gb  self_test.o [1]
Current_Min             0x2000092e     0x2  Data  Gb  self_test.o [1]
DMA_AESCmd              0x00021dd1    0x1a  Code  Gb  v85xx_dma.o [1]
DMA_AESDeInit           0x00021d39    0x18  Code  Gb  v85xx_dma.o [1]
DMA_AESInit             0x00021d51    0x54  Code  Gb  v85xx_dma.o [1]
DMA_Cmd                 0x00021db5    0x1c  Code  Gb  v85xx_dma.o [1]
DMA_DeInit              0x00021ca5    0x50  Code  Gb  v85xx_dma.o [1]
DMA_GetINTStatus        0x00021da5    0x10  Code  Gb  v85xx_dma.o [1]
DMA_IRQHandler          0x00023543     0x2  Code  Gb  v85xx_isr.o [1]
DMA_Init                0x00021cf5    0x44  Code  Gb  v85xx_dma.o [1]
DMA_gInit               0x0001b849    0x3a  Code  Gb  AES.o [1]
DecimalToBCD            0x0000f9c5    0x1e  Code  Gb  basic_srv.o [1]
Delay_ms                0x0000f999    0x18  Code  Gb  basic_srv.o [1]
Delay_read              0x20000c4e     0x1  Data  Lc  MFRC522.o [1]
Delay_us                0x0000f95d    0x16  Code  Gb  basic_srv.o [1]
Delta_EXT_FlashDestination
                        0x20003be8     0x4  Data  Gb  Delta_Algorithm.o [1]
Di_val                  0x2000085c     0xc  Data  Gb  iso7816_3_ctrl.o [1]
Disable_Dot_Matrix_LCD_PWR
                        0x0000f4b7    0x60  Code  Gb  Dot_Matrix_MCAL.o [1]
Display_check_edit_mode
                        0x00008489    0x12  Code  Gb  display.o [1]
Display_check_norm_screen
                        0x000020b1    0x74  Code  Lc  display.o [1]
Dot_Clear_Screen        0x0000f545    0x2a  Code  Gb  Dot_Matrix_MCAL.o [1]
Dot_LCD_Init            0x0000f435    0x82  Code  Gb  Dot_Matrix_MCAL.o [1]
Dot_Matrix_Draw_Screen  0x00017a81   0x44e  Code  Gb  Dot_Matrix_Interfacing.o [1]
Dot_Matrix_GPIO_INIT    0x00018657    0x8c  Code  Gb  GPIO_Program.o [1]
Dot_Matrix_display_message
                        0x00007da9    0x5c  Code  Gb  display.o [1]
Dot_Matrix_handling_decimal_point_value
                        0x00018591    0x34  Code  Gb  Dot_Matrix_Interfacing.o [1]
Dot_Matrix_set_indepndant_icons
                        0x000184bd    0x1a  Code  Gb  Dot_Matrix_Interfacing.o [1]
Dot_Matrix_special_screen_words
                        0x000184d7    0xba  Code  Gb  Dot_Matrix_Interfacing.o [1]
Dot_Set_Screen          0x0000f56f    0x2a  Code  Gb  Dot_Matrix_MCAL.o [1]
Dot_matrix_handling_disp_message
                        0x00018409    0x80  Code  Gb  Dot_Matrix_Interfacing.o [1]
Draw_All_Screen         0x00017a39    0x44  Code  Gb  Dot_Matrix_Interfacing.o [1]
DriverCapabilities      0x000228f0     0x4  Data  Lc  Driver_ISO7816_V85XX.o [1]
DriverVersion           0x000228e4     0x4  Data  Lc  Driver_ISO7816_V85XX.o [1]
Driver_ISO78160         0x00023a30    0x28  Data  Gb  Driver_ISO7816_V85XX.o [1]
Driver_ISO78161         0x00023a58    0x28  Data  Gb  Driver_ISO7816_V85XX.o [1]
Drv_ISO7816             0x20000ab4     0x8  Data  Gb  v85xx_iso7816.o [1]
EEPROM_Failure_Handler  0x0001a451    0x8c  Code  Gb  EEPROM.o [1]
EEPROM_Initialize       0x0001a329     0xe  Code  Gb  EEPROM.o [1]
EEPROM_read             0x0001a3fd    0x54  Code  Gb  EEPROM.o [1]
EEPROM_test             0x0001a4e5   0x132  Code  Gb  EEPROM.o [1]
EEPROM_write            0x0001a337    0xc6  Code  Gb  EEPROM.o [1]
EXT_FlashDestination    0x200008fc     0x4  Data  Gb  rfid_sys.o [1]
EchoBuffer              0x20003658   0x104  Data  Gb  comm.o [1]
EepromTestCmd           0x200009dc    0x10  Data  Gb  self_test.o [1]
Encrypte_NoEncrypte_flage
                        0x200008d2     0x1  Data  Gb  rfid_sys.o [1]
Erase_num_counter       0x20003bb6     0x2  Data  Gb  Delta_Algorithm.o [1]
ErrorByteCmd            0x20000aa8     0x8  Data  Gb  self_test.o [1]
Ext_BootLoaderAddr      0x20003bfc     0x4  Data  Gb  Delta_Algorithm.o [1]
Ext_BootLoadersize      0x20003c04     0x4  Data  Gb  Delta_Algorithm.o [1]
FAILCmd                 0x20000a9c     0xc  Data  Gb  self_test.o [1]
FLASH_Address_Avaliable
                        0x0001b03b     0xe  Code  Gb  Flash.o [1]
FLASH_Avaliable         0x0001b0c3    0x22  Code  Gb  Flash.o [1]
FLASH_Enable_Write      0x0001b0e5    0x68  Code  Gb  Flash.o [1]
FLASH_Form_Instruction  0x0001b009    0x32  Code  Gb  Flash.o [1]
FLASH_Handle_ReadWriteOperantion
                        0x0001b297    0x66  Code  Gb  Flash.o [1]
FLASH_IRQHandler        0x00023545     0x2  Code  Gb  v85xx_isr.o [1]
FLASH_ProgramWord       0x00021e15    0x3a  Code  Gb  v85xx_flash.o [1]
FLASH_Read_Status_Register
                        0x0001b049    0x7a  Code  Gb  Flash.o [1]
FLASH_Write_Status_Register
                        0x0001b14d    0x6c  Code  Gb  Flash.o [1]
FLASH_gBlockErase       0x0001b5c5    0x82  Code  Gb  Flash.o [1]
FLASH_gEraseSector_ByIndex
                        0x0001b505    0x3e  Code  Gb  Flash.o [1]
FLASH_gInit             0x0001b1b9    0x2e  Code  Gb  Flash.o [1]
FLASH_gRead             0x0001b499     0xa  Code  Gb  Flash.o [1]
FLASH_gReadPage         0x0001b365    0x7e  Code  Gb  Flash.o [1]
FLASH_gRead_ByIndex     0x0001b4a3    0x62  Code  Gb  Flash.o [1]
FLASH_gSectorErase      0x0001b543    0x82  Code  Gb  Flash.o [1]
FLASH_gWrite            0x0001b2fd     0xa  Code  Gb  Flash.o [1]
FLASH_gWritePage        0x0001b1e7    0x7c  Code  Gb  Flash.o [1]
FLASH_gWrite_ByIndex    0x0001b307    0x5e  Code  Gb  Flash.o [1]
Failure_time            0x2000411f     0x1  Data  Lc  EEPROM.o [1]
FireBootLoaderImageFlage
                        0x0001d7a1    0x14  Code  Gb  Delta_Algorithm.o [1]
FireDelta               0x0001d78b    0x16  Code  Gb  Delta_Algorithm.o [1]
FlASH_SelectOperation   0x0001b3f5    0xa0  Code  Gb  Flash.o [1]
FlASH_SelectOperation::datainformation
                        0x2000402c     0xc  Data  Lc  Flash.o [1]
FlashRead               0x0001b659    0x28  Code  Gb  Flash.o [1]
FlashTestCmd            0x200009ec     0xc  Data  Gb  self_test.o [1]
FlashWrite              0x0001b681    0x28  Code  Gb  Flash.o [1]
Flash_Image_Info_arr    0x20003d20    0x50  Data  Gb  Flash_app.o [1]
Flash_Read_Per_Page     0x0001b7b5    0x42  Code  Gb  Flash.o [1]
Flash_Record_ID_arr     0x20003d70    0x50  Data  Gb  Flash_app.o [1]
Flash_Write_Per_Page    0x0001b773    0x42  Code  Gb  Flash.o [1]
Flash_app_Erase_Image   0x0001aad9    0x3c  Code  Gb  Flash_app.o [1]
Flash_app_Get_Image_Info
                        0x0001a8e5    0x42  Code  Gb  Flash_app.o [1]
Flash_app_Get_Record_ID_from_flash
                        0x0001a85d    0x42  Code  Gb  Flash_app.o [1]
Flash_app_Save_Bytes_To_Image
                        0x0001a935    0x96  Code  Gb  Flash_app.o [1]
Flash_app_Save_Flag_Image
                        0x0001aa85    0x4c  Code  Gb  Flash_app.o [1]
Flash_app_Save_Image_Info
                        0x0001a8a9    0x3c  Code  Gb  Flash_app.o [1]
Flash_app_Save_Record_ID
                        0x0001a821    0x3c  Code  Gb  Flash_app.o [1]
Flash_app_Set_Default_All_Records_ID
                        0x0001ab61    0x1a  Code  Gb  Flash_app.o [1]
Flash_app_Set_Default_Record_ID
                        0x0001ab25    0x36  Code  Gb  Flash_app.o [1]
Flash_app_clear_Record  0x0001acd5    0x14  Code  Gb  Flash_app.o [1]
Flash_app_critical_data
                        0x0001a9d5    0x18  Code  Gb  Flash_app.o [1]
Flash_app_event         0x0001af31    0xa2  Code  Gb  Flash_app.o [1]
Flash_app_get_MAX_No_Records
                        0x0001ac8b    0x36  Code  Gb  Flash_app.o [1]
Flash_app_get_num_record
                        0x0001ace9    0x12  Code  Gb  Flash_app.o [1]
Flash_app_get_record    0x0001ad75   0x1b6  Code  Gb  Flash_app.o [1]
Flash_app_get_record::Status
                        0x20004123     0x1  Data  Lc  Flash_app.o [1]
Flash_app_init          0x0001a795    0x44  Code  Gb  Flash_app.o [1]
Flash_app_load_backup   0x0001a7d9    0x46  Code  Gb  Flash_app.o [1]
Flash_app_save_record   0x0001ab7b   0x110  Code  Gb  Flash_app.o [1]
Flash_app_test_byte     0x0001a9ed    0x92  Code  Gb  Flash_app.o [1]
Flash_erase_block_by_address
                        0x0001b815    0x1e  Code  Gb  Flash.o [1]
Flash_erase_sector_by_address
                        0x0001b7f7    0x1e  Code  Gb  Flash.o [1]
Force_Open_Relay        0x00017899    0x12  Code  Gb  ctrl.o [1]
FormProtcolBlock        0x0001c143    0x2c  Code  Gb  MFRC522.o [1]
Freq_measurement        0x20000944     0x4  Data  Gb  self_test.o [1]
GPIOA_AFConfig          0x000213b5    0x14  Code  Gb  v85xx_gpio.o [1]
GPIOA_Init              0x000212fd    0x40  Code  Gb  v85xx_gpio.o [1]
GPIOA_ReadInputDataBit  0x0002134b     0xe  Code  Gb  v85xx_gpio.o [1]
GPIOA_ResetBits         0x00021371     0x8  Code  Gb  v85xx_gpio.o [1]
GPIOA_SetBits           0x00021361     0x8  Code  Gb  v85xx_gpio.o [1]
GPIOBToF_AFConfig       0x00021381    0x34  Code  Gb  v85xx_gpio.o [1]
GPIOBToF_Init           0x000212bd    0x40  Code  Gb  v85xx_gpio.o [1]
GPIOBToF_ReadInputDataBit
                        0x0002133d     0xe  Code  Gb  v85xx_gpio.o [1]
GPIOBToF_ResetBits      0x00021369     0x8  Code  Gb  v85xx_gpio.o [1]
GPIOBToF_SetBits        0x00021359     0x8  Code  Gb  v85xx_gpio.o [1]
GPIO_AFConfig           0x000185ed    0x1c  Code  Gb  GPIO_Program.o [1]
GetFreqCmd              0x2000096c     0xc  Data  Gb  self_test.o [1]
GetSwSrvCmd             0x200009ac     0xc  Data  Gb  self_test.o [1]
GetVoltPhA              0x20000a3c    0x10  Data  Gb  self_test.o [1]
GetVoltPhB              0x20000a4c    0x10  Data  Gb  self_test.o [1]
GetVoltPhC              0x20000a5c    0x10  Data  Gb  self_test.o [1]
Get_Scr_Sector          0x00018059    0xa6  Code  Gb  Dot_Matrix_Interfacing.o [1]
Get_Screen_Address      0x00017ef9    0x42  Code  Gb  Dot_Matrix_Interfacing.o [1]
Get_Sym_Sector          0x00017fa1    0xac  Code  Gb  Dot_Matrix_Interfacing.o [1]
Get_Symbol_Size_R_W     0x0001813d    0x3e  Code  Gb  Dot_Matrix_Interfacing.o [1]
Get_calib_Flag          0x0000f3f1     0x6  Code  Gb  Meter_Program.o [1]
GetphaseACmd            0x20000948     0xc  Data  Gb  self_test.o [1]
GetphaseBCmd            0x20000954     0xc  Data  Gb  self_test.o [1]
GetphaseCCmd            0x20000960     0xc  Data  Gb  self_test.o [1]
Glob_f32_Vbatresistor   0x200040a0     0x4  Data  Gb  ADC_Program.o [1]
Global_switch_Buzzer    0x20003dfd     0x1  Data  Gb  ctrl.o [1]
GprsTestCmd             0x20000a04     0xc  Data  Gb  self_test.o [1]
HDLC_Activity_Counter   0x20003e06     0x1  Data  Gb  ctrl.o [1]
HardFault_Handler       0x0002309b    0x80  Code  Gb  v85xx_isr.o [1]
I2C_AssertAcknowledgeConfig
                        0x00021831    0x18  Code  Gb  v85xx_i2c.o [1]
I2C_CheckState          0x000213d9    0x1e  Code  Lc  v85xx_i2c.o [1]
I2C_ClearBus            0x00021499    0x2e  Code  Lc  v85xx_i2c.o [1]
I2C_ClearINTStatus      0x0002151f     0xc  Code  Gb  v85xx_i2c.o [1]
I2C_Cmd                 0x00021815    0x18  Code  Gb  v85xx_i2c.o [1]
I2C_DeInit              0x000214c7    0x14  Code  Gb  v85xx_i2c.o [1]
I2C_GenerateSTART       0x00021857    0x18  Code  Gb  v85xx_i2c.o [1]
I2C_GenerateSTOP        0x0002186f    0x18  Code  Gb  v85xx_i2c.o [1]
I2C_GetINTStatus        0x0002150d    0x12  Code  Gb  v85xx_i2c.o [1]
I2C_GetStatusCode       0x00021887     0xa  Code  Gb  v85xx_i2c.o [1]
I2C_IRQHandler          0x00023279     0x2  Code  Gb  v85xx_isr.o [1]
I2C_Init                0x000214db    0x32  Code  Gb  v85xx_i2c.o [1]
I2C_MasterReadBytes     0x00021535   0x13e  Code  Gb  v85xx_i2c.o [1]
I2C_MasterWriteBytes    0x00021673   0x1a2  Code  Gb  v85xx_i2c.o [1]
I2C_ReceiveByte         0x0002147b    0x1e  Code  Lc  v85xx_i2c.o [1]
I2C_ReceiveData         0x00021849     0x8  Code  Gb  v85xx_i2c.o [1]
I2C_SendByte            0x0002145b    0x20  Code  Lc  v85xx_i2c.o [1]
I2C_SendData            0x00021851     0x6  Code  Gb  v85xx_i2c.o [1]
I2C_SendRestart         0x0002141d    0x2a  Code  Lc  v85xx_i2c.o [1]
I2C_SendStart           0x000213f7    0x26  Code  Lc  v85xx_i2c.o [1]
I2C_SendStop            0x00021447    0x14  Code  Gb  v85xx_i2c.o [1]
I2C_get_frame           0x0001b933    0x16  Code  Gb  MFRC522.o [1]
I2C_set_frame           0x0001b911    0x16  Code  Gb  MFRC522.o [1]
ID_Records_Page_Index_arr
                        0x0001a8a0     0x8  Data  Gb  Flash_app.o [1]
IEC_DRU_flag            0x20000831     0x1  Data  Gb  iec62056_21_slave.o [1]
ISO78160_IRQHandler     0x0002342d     0x8  Code  Gb  v85xx_isr.o [1]
ISO78160_Info           0x20003f68    0x14  Data  Lc  Driver_ISO7816_V85XX.o [1]
ISO78160_Resources      0x00023078     0xc  Data  Lc  Driver_ISO7816_V85XX.o [1]
ISO78160_Xfer           0x20003ee4    0x1c  Data  Lc  Driver_ISO7816_V85XX.o [1]
ISO78161_IRQHandler     0x00023435     0x8  Code  Gb  v85xx_isr.o [1]
ISO78161_Info           0x20003f7c    0x14  Data  Lc  Driver_ISO7816_V85XX.o [1]
ISO78161_Resources      0x00023084     0xc  Data  Lc  Driver_ISO7816_V85XX.o [1]
ISO78161_Xfer           0x20003f00    0x1c  Data  Lc  Driver_ISO7816_V85XX.o [1]
ISO7816_AbortOperation  0x000226f9    0x32  Code  Gb  v85xx_iso7816.o [1]
ISO7816_BaudrateConfig  0x00022637    0x54  Code  Gb  v85xx_iso7816.o [1]
ISO7816_DeInit          0x00022601    0x36  Code  Gb  v85xx_iso7816.o [1]
ISO7816_GetBaudrate     0x0002268b    0x1a  Code  Gb  v85xx_iso7816.o [1]
ISO7816_GetRxCount      0x0002272b    0x1c  Code  Gb  v85xx_iso7816.o [1]
ISO7816_GetUID          0x0001c5e9     0xa  Code  Gb  MFRC522.o [1]
ISO7816_IRQn            0x20000ab0     0x2  Data  Gb  v85xx_iso7816.o [1]
ISO7816_Init            0x00022549    0x84  Code  Gb  v85xx_iso7816.o [1]
ISO7816_ReadBinary      0x0001c5df     0xa  Code  Gb  MFRC522.o [1]
ISO7816_ReceiveData     0x000226a5    0x2a  Code  Gb  v85xx_iso7816.o [1]
ISO7816_SET_DELAY       0x0001c5ff    0x6c  Code  Gb  MFRC522.o [1]
ISO7816_SelectFile      0x0001c539    0x1a  Code  Gb  MFRC522.o [1]
ISO7816_StructInit      0x000225cd    0x34  Code  Gb  v85xx_iso7816.o [1]
ISO7816_TransmitData    0x000226cf    0x2a  Code  Gb  v85xx_iso7816.o [1]
ISO7816_WriteBinary     0x0001c553    0x8c  Code  Gb  MFRC522.o [1]
ImageOnCardSize         0x200008f2     0x2  Data  Gb  rfid_sys.o [1]
Image_Gen_task          0x0001d5ed   0x19e  Code  Gb  Delta_Algorithm.o [1]
Images_Sector_Start_arr
                        0x0001ab18     0xc  Data  Gb  Flash_app.o [1]
Info_Image_Page_Index_arr
                        0x0001a92c     0x8  Data  Gb  Flash_app.o [1]
Init_ISO7816            0x20003cc8    0x58  Data  Gb  ISO7816_Program.o [1]
Init_calibParam         0x0000fe4d   0x220  Code  Gb  V9203.o [1]
IntBootLoaderAddr       0x20003bf8     0x4  Data  Gb  Delta_Algorithm.o [1]
Is_UpdateCode_run       0x0001d9e9    0x2a  Code  Gb  Delta_Algorithm.o [1]
JIG_ReadBuffer          0x2000084c     0xc  Data  Gb  iec62056_21_slave.o [1]
LCD_Cmd                 0x0001a30d    0x18  Code  Gb  v85xx_lcd.o [1]
LCD_DeInit              0x0001a2f5    0x18  Code  Gb  v85xx_lcd.o [1]
LPM_Config              0x00020ed9    0x2e  Code  Gb  Power_modes.o [1]
LPM_status              0x2000401f     0x1  Data  Gb  ctrl.o [1]
LSB_wh                  0x20000800     0x8  Data  Gb  V9203.o [1]
LcdBootLoader           0x20003bac     0x1  Data  Gb  Delta_Algorithm.o [1]
MAGDONECmd              0x200009a0     0xc  Data  Gb  self_test.o [1]
MCU_disable_all         0x00014405    0xac  Code  Gb  ctrl.o [1]
MDW_reset_number_month_tmp
                        0x200032c9     0x1  Data  Lc  rfid_sys.o [1]
MFRC522_get_card_type   0x0001c6b3     0x6  Code  Gb  MFRC522.o [1]
MODULE_STATE            0x20000918     0x1  Data  Gb  self_test.o [1]
MTRctrlParam            0x000239b8    0x78  Data  Gb  V9203.o [1]
MagTestCmd              0x20000994     0xc  Data  Gb  self_test.o [1]
MagneticHighRspCmd      0x20000a1c     0xc  Data  Gb  self_test.o [1]
MagneticLowRspCmd       0x20000a28     0xc  Data  Gb  self_test.o [1]
MeteringDataCmd         0x20000a10     0x4  Data  Gb  self_test.o [1]
MtrParam                0x20000acc   0x180  Data  Gb  V9203.o [1]
MtrThresholdParam       0x000238b4    0x84  Data  Gb  V9203.o [1]
NMI_Handler             0x00023091     0xa  Code  Gb  v85xx_isr.o [1]
NVIC_ClearPendingIRQ    0x000093f1     0xe  Code  Lc  v85xx_cortex.o [1]
NVIC_DisableIRQ         0x000093e3     0xe  Code  Lc  v85xx_cortex.o [1]
NVIC_DisableIRQ         0x00018c95     0xe  Code  Lc  v85xx_pmu.o [1]
NVIC_EnableIRQ          0x000093d5     0xe  Code  Lc  v85xx_cortex.o [1]
NVIC_SetPriority        0x000093ff    0x44  Code  Lc  v85xx_cortex.o [1]
NVIC_SystemReset        0x00020049    0x12  Code  Lc  self_test.o [1]
NVIC_SystemReset        0x00009443    0x12  Code  Lc  v85xx_cortex.o [1]
NVR_GetADCVoltageParameter
                        0x000210df    0xbe  Code  Gb  ADC_Program.o [1]
NVR_GetBATOffset        0x000224a1    0x56  Code  Gb  v85xx_LoadNVR.o [1]
New_BootLoaderFlage     0x20003bad     0x1  Data  Gb  Delta_Algorithm.o [1]
New_BootLoaderFlage_err
                        0x20003baf     0x1  Data  Gb  Delta_Algorithm.o [1]
New_BootLoader_update_state
                        0x20003bb0     0x1  Data  Gb  Delta_Algorithm.o [1]
New_bootloader_crc      0x20003bae     0x1  Data  Gb  Delta_Algorithm.o [1]
New_bootloader_size_from_card
                        0x20003c00     0x4  Data  Gb  Delta_Algorithm.o [1]
No_of_reiniting_rtc     0x20003e09     0x1  Data  Gb  ctrl.o [1]
OptFail                 0x20000a6c     0xc  Data  Gb  self_test.o [1]
OpticalTestCmd          0x200009c4     0xc  Data  Gb  self_test.o [1]
PASSCmd                 0x20000a90     0xc  Data  Gb  self_test.o [1]
PHDOWN_chk_event        0x20000c5c     0x1  Data  Gb  Meter_Program.o [1]
PMU_ClearIOAINTStatus   0x00018cc9     0x6  Code  Gb  v85xx_pmu.o [1]
PMU_EnterSleep_LowPower
                        0x00018d75   0x106  Code  Gb  v85xx_pmu.o [1]
PMU_GetIOAINTStatus     0x00018cb7    0x12  Code  Gb  v85xx_pmu.o [1]
PMU_GetPWRSRCStatus     0x00018f39    0x12  Code  Gb  v85xx_pmu.o [1]
PMU_GetPowerStatus      0x00018f5d    0x10  Code  Gb  v85xx_pmu.o [1]
PMU_GetRSTSource        0x00018f4b    0x12  Code  Gb  v85xx_pmu.o [1]
PMU_INTConfig           0x00018ca3    0x14  Code  Gb  v85xx_pmu.o [1]
PMU_IRQHandler          0x00023121   0x106  Code  Gb  v85xx_isr.o [1]
PMU_MainPowerConfig     0x00018ec5    0x3e  Code  Gb  v85xx_pmu.o [1]
PMU_PowerSWTLevelConfig
                        0x00018f09     0xe  Code  Gb  v85xx_pmu.o [1]
PMU_SleepWKUSRC_Config_RTC
                        0x00018e85    0x24  Code  Gb  v85xx_pmu.o [1]
PMU_VDCINDetector_Cmd   0x00018f1d    0x18  Code  Gb  v85xx_pmu.o [1]
PMU_VDDAlarmTHConfig    0x00018eb1     0xe  Code  Gb  v85xx_pmu.o [1]
PMU_WakeUpPinConfig     0x00018ccf    0xa2  Code  Gb  v85xx_pmu.o [1]
PWM0_IRQHandler         0x0002353b     0x2  Code  Gb  v85xx_isr.o [1]
PWM1_IRQHandler         0x0002353d     0x2  Code  Gb  v85xx_isr.o [1]
PWM2_IRQHandler         0x0002353f     0x2  Code  Gb  v85xx_isr.o [1]
PWM3_IRQHandler         0x00023541     0x2  Code  Gb  v85xx_isr.o [1]
PWR_down_detect         0x2000412b     0x1  Data  Gb  Power_modes.o [1]
PendSV_Handler          0x0002311d     0x2  Code  Gb  v85xx_isr.o [1]
Phase_Current           0x20000940     0x4  Data  Gb  self_test.o [1]
Phase_CurrentB          0x2000093c     0x4  Data  Gb  self_test.o [1]
Phase_Flag              0x20000891     0x1  Data  Gb  Meter_Program.o [1]
Pow_Gain_Adjust         0x00010c29    0x66  Code  Gb  V9203.o [1]
Power_up                0x000161df    0x16  Code  Gb  ctrl.o [1]
Pwr_ctrl_config         0x00020e8d    0x4c  Code  Gb  Power_modes.o [1]
RFID_idle_flag          0x200008ca     0x1  Data  Gb  rfid_sys.o [1]
RFID_task_state         0x200008c6     0x1  Data  Lc  rfid_sys.o [1]
RMS_CURR_Adjust         0x00010c8f    0x1e  Code  Gb  V9203.o [1]
RMS_VOL_Adjust          0x00010cb5    0x1e  Code  Gb  V9203.o [1]
RS485StartCmd           0x200009d0     0xc  Data  Gb  self_test.o [1]
RTC_ClearINTStatus      0x0001ffdf     0x6  Code  Gb  v85xx_rtc.o [1]
RTC_GetINTStatus        0x0001ffcf    0x10  Code  Gb  v85xx_rtc.o [1]
RTC_INTConfig           0x0001ffb3    0x1c  Code  Gb  v85xx_rtc.o [1]
RTC_IRQHandler          0x00023227    0x4e  Code  Gb  v85xx_isr.o [1]
RTC_PrescalerConfig     0x00020001    0x22  Code  Gb  v85xx_rtc.o [1]
RTC_WKUSecondsConfig    0x0001ffe5    0x1c  Code  Gb  v85xx_rtc.o [1]
RTC_WaitForSynchro      0x0001ff9f    0x14  Code  Gb  v85xx_rtc.o [1]
RTC_WriteProtection     0x0001ff89    0x16  Code  Gb  v85xx_rtc.o [1]
RX_BUFF                 0x2000352c   0x128  Data  Gb  iso7816_3_ctrl.o [1]
Reach_MaxRecalStepFlag  0x20003dca     0x1  Data  Lc  trf_pymt.o [1]
Records_Sector_End_arr  0x0001affc     0xc  Data  Gb  Flash_app.o [1]
Records_Sector_Start_arr
                        0x0001aff0     0xc  Data  Gb  Flash_app.o [1]
Region$$Table$$Base     0x00023c28           --   Gb  - Linker created -
Region$$Table$$Limit    0x00023c48           --   Gb  - Linker created -
RelayCloseCmd           0x20000978    0x10  Data  Gb  self_test.o [1]
RelayOpenCmd            0x20000988     0xc  Data  Gb  self_test.o [1]
ResetUpdateBootloader   0x0001d9db     0xe  Code  Gb  Delta_Algorithm.o [1]
ReturnData_H            0x200040dc     0x4  Data  Gb  V9203.o [1]
ReturnData_L            0x200040d8     0x4  Data  Gb  V9203.o [1]
RfidTestCmd             0x200009f8     0xc  Data  Gb  self_test.o [1]
Rfidcheck               0x2000091c     0x1  Data  Gb  self_test.o [1]
SPI1_IRQHandler         0x0002327b     0x2  Code  Gb  v85xx_isr.o [1]
SPI1_rx_frame           0x0001e707    0x76  Code  Gb  SPI_Program.o [1]
SPI2_IRQHandler         0x0002363d     0x2  Code  Gb  v85xx_isr.o [1]
SPI2_rx_frame           0x0001e823    0x7e  Code  Gb  SPI_Program.o [1]
SPI_Cmd                 0x0001ff25    0x18  Code  Gb  v85xx_spi.o [1]
SPI_DeviceInit          0x0001fed9    0x2a  Code  Gb  v85xx_spi.o [1]
SPI_GetStatus           0x0001ff3d    0x40  Code  Gb  v85xx_spi.o [1]
SPI_Init                0x0001ff03    0x22  Code  Gb  v85xx_spi.o [1]
SVC_Handler             0x0002311b     0x2  Code  Gb  v85xx_isr.o [1]
SWDONECmd               0x200009b8     0xc  Data  Gb  self_test.o [1]
SW_date_last_charge_bak
                        0x20003b88     0x8  Data  Gb  trf_pymt.o [1]
S_ADC_Get_Vbat          0x0002120d    0x78  Code  Gb  ADC_Program.o [1]
S_ADC_Init              0x000210b1    0x2e  Code  Gb  ADC_Program.o [1]
S_CLK_Init              0x0001f7ed    0x50  Code  Gb  CLK_Program.o [1]
S_GPIO_Clear_Bits       0x00018bbd    0x34  Code  Gb  GPIO_Program.o [1]
S_GPIO_Get_Bits         0x00018bf9    0x38  Code  Gb  GPIO_Program.o [1]
S_GPIO_Set_Bits         0x00018b89    0x34  Code  Gb  GPIO_Program.o [1]
S_GPIO_Toggle_Bits      0x00018c31     0x8  Code  Gb  GPIO_Program.o [1]
S_GpioDisableRfidBoard  0x00018617     0xe  Code  Gb  GPIO_Program.o [1]
S_GpioEnableRfidBoard   0x00018609     0xe  Code  Gb  GPIO_Program.o [1]
S_GpioI2cInitPinsOpLow  0x00018625    0x32  Code  Gb  GPIO_Program.o [1]
S_GpioInitCalibPinINPUT
                        0x00018b3b     0x2  Code  Gb  GPIO_Program.o [1]
S_GpioInit_ALL_Modules  0x000186f1   0x2f4  Code  Gb  GPIO_Program.o [1]
S_GpioInit_PIN          0x00018c39    0x42  Code  Gb  GPIO_Program.o [1]
S_GpioShutdownPWD       0x000189f5   0x146  Code  Gb  GPIO_Program.o [1]
S_GpioWakeUpPinsInit    0x00018b3d    0x44  Code  Gb  GPIO_Program.o [1]
S_I2C_INIT              0x00021bc9    0x2c  Code  Gb  I2C_Program.o [1]
S_I2C_Read              0x00021c4d    0x58  Code  Gb  I2C_Program.o [1]
S_I2C_Write             0x00021bf5    0x58  Code  Gb  I2C_Program.o [1]
S_ISO7816_DE_INIT       0x00021e97    0x10  Code  Gb  ISO7816_Program.o [1]
S_ISO7816_GET_Baudrate  0x00021f0d    0x10  Code  Gb  ISO7816_Program.o [1]
S_ISO7816_INIT          0x00021e71    0x26  Code  Gb  ISO7816_Program.o [1]
S_ISO7816_RECEIVE       0x00021ead    0x1c  Code  Gb  ISO7816_Program.o [1]
S_ISO7816_Received_Data_Count
                        0x00021ec9     0x8  Code  Gb  ISO7816_Program.o [1]
S_ISO7816_SET_Baudrate  0x00021ef1    0x1c  Code  Gb  ISO7816_Program.o [1]
S_ISO7816_TRANSMIT      0x00021ed1    0x20  Code  Gb  ISO7816_Program.o [1]
S_RTC_C_GetRTCDAY       0x0001e9a5    0x16  Code  Gb  RTC_Program.o [1]
S_RTC_C_GetRTCHOUR      0x0001e9bb    0x16  Code  Gb  RTC_Program.o [1]
S_RTC_C_GetRTCMIN       0x0001e9d1    0x16  Code  Gb  RTC_Program.o [1]
S_RTC_C_GetRTCMON       0x0001e98f    0x16  Code  Gb  RTC_Program.o [1]
S_RTC_C_GetRTCSEC       0x0001e9e7    0x16  Code  Gb  RTC_Program.o [1]
S_RTC_C_GetRTCYEAR      0x0001e979    0x16  Code  Gb  RTC_Program.o [1]
S_RTC_C_Update          0x0001e8c1    0x50  Code  Gb  RTC_Program.o [1]
S_RTC_C_UpdateDate      0x0001e941    0x38  Code  Gb  RTC_Program.o [1]
S_RTC_C_UpdateTime      0x0001e911    0x30  Code  Gb  RTC_Program.o [1]
S_RTC_init              0x0001ea15    0x18  Code  Gb  RTC_Program.o [1]
S_SPI1_INIT             0x0001e661    0x38  Code  Gb  SPI_Program.o [1]
S_SPI1_TX_FRAME         0x0001e699    0x6e  Code  Gb  SPI_Program.o [1]
S_SPI2_INIT             0x0001e77d    0x38  Code  Gb  SPI_Program.o [1]
S_SPI2_TX_FRAME         0x0001e7b5    0x6e  Code  Gb  SPI_Program.o [1]
S_Timer1_CONFIG         0x0001e631    0x28  Code  Gb  Timer_Program.o [1]
S_Timer_Internal_INIT   0x0001e5f5    0x3c  Code  Gb  Timer_Program.o [1]
S_UART_CHECK_PARITY_BYTE
                        0x0001fe53    0x2c  Code  Lc  UART_Program.o [1]
S_UART_DISABLE          0x0001fe31    0x22  Code  Gb  UART_Program.o [1]
S_UART_INIT             0x0001fc11   0x21a  Code  Gb  UART_Program.o [1]
S_UART_SEND_BYTE        0x0001fb5d    0x58  Code  Gb  UART_Program.o [1]
S_UART_SEND_FRAME       0x0001fbb5    0x36  Code  Gb  UART_Program.o [1]
S_USCI_A4_ISR           0x0001fabd    0x50  Code  Gb  UART_Program.o [1]
S_USCI_A5_ISR           0x0001fb0d    0x50  Code  Gb  UART_Program.o [1]
SelFTest_ZeroCustmer    0x00020cbd    0xd0  Code  Gb  self_test.o [1]
SelfTest_Flag           0x2000412c     0x1  Data  Gb  self_test.o [1]
SelfTest_SetV9203Param  0x00011877    0x1e  Code  Gb  V9203.o [1]
SelfTest_gGetSelfTest   0x00020b19     0x6  Code  Gb  self_test.o [1]
SelfTest_gStartSelfTest
                        0x00020b0b     0xe  Code  Gb  self_test.o [1]
SelfTest_gTask          0x00020d9d    0xe0  Code  Gb  self_test.o [1]
SelfTest_iBatTest       0x00020bfd    0xb2  Code  Gb  self_test.o [1]
SelfTest_iBuzzerState   0x000205cf    0x94  Code  Gb  self_test.o [1]
SelfTest_iCommunictaionState
                        0x0002019d    0x7e  Code  Gb  self_test.o [1]
SelfTest_iEepromModuleState
                        0x00020775    0x52  Code  Gb  self_test.o [1]
SelfTest_iEndSelfTest   0x0002009d     0xe  Code  Gb  self_test.o [1]
SelfTest_iFailCmd       0x000200d9    0x1c  Code  Gb  self_test.o [1]
SelfTest_iFlashModuleState
                        0x000208a5    0x50  Code  Gb  self_test.o [1]
SelfTest_iFreqTest      0x000202b1    0x74  Code  Gb  self_test.o [1]
SelfTest_iGprsTest      0x00020b1f    0xd4  Code  Gb  self_test.o [1]
SelfTest_iInitMMT       0x0002005d    0x40  Code  Gb  self_test.o [1]
SelfTest_iInitMag       0x000208f5    0x1a  Code  Gb  self_test.o [1]
SelfTest_iInitState     0x0002016d    0x1e  Code  Gb  self_test.o [1]
SelfTest_iMagnetiSwModule
                        0x00020929    0xba  Code  Gb  self_test.o [1]
SelfTest_iOpticalState  0x00020669    0x7c  Code  Gb  self_test.o [1]
SelfTest_iPassCmd       0x000200fd    0x1c  Code  Gb  self_test.o [1]
SelfTest_iPhasesTest    0x0002021d    0x7c  Code  Gb  self_test.o [1]
SelfTest_iRS485State    0x000206f9    0x76  Code  Gb  self_test.o [1]
SelfTest_iRelayCloseTest
                        0x000203c9    0x74  Code  Gb  self_test.o [1]
SelfTest_iRelayOpenTest
                        0x00020445    0xd4  Code  Gb  self_test.o [1]
SelfTest_iRfidModuleState
                        0x000207d5    0xc6  Code  Gb  self_test.o [1]
SelfTest_iSendDebugCmd  0x00020125    0x48  Code  Gb  self_test.o [1]
SelfTest_iSetState      0x0002018b     0xc  Code  Gb  self_test.o [1]
SelfTest_iSwitchesModule
                        0x00020ab5    0x56  Code  Gb  self_test.o [1]
SelfTest_iVisualModuleState
                        0x00020521    0xae  Code  Gb  self_test.o [1]
SelfTest_iVoltTest      0x00020339    0x80  Code  Gb  self_test.o [1]
SendMeasurmentValue     0x000200ab    0x2e  Code  Gb  self_test.o [1]
ServiceTemp             0x2000091a     0x1  Data  Gb  self_test.o [1]
SizeofCompressionFile   0x20003c0c     0x4  Data  Gb  Delta_Algorithm.o [1]
StartTestRspCmd         0x20000a34     0x8  Data  Gb  self_test.o [1]
SwValueCmd              0x20000a14     0x8  Data  Gb  self_test.o [1]
SwapEndian16            0x0000f831     0xa  Code  Gb  basic_srv.o [1]
SwapEndian32            0x0000f815    0x1c  Code  Gb  basic_srv.o [1]
SysTick_Handler         0x0002311f     0x2  Code  Gb  v85xx_isr.o [1]
T1_info_size            0x20000870     0x1  Data  Gb  iso7816_3_ctrl.o [1]
TMR0_IRQHandler         0x0002343d    0x86  Code  Gb  v85xx_isr.o [1]
TMR0_IRQHandler::counters
                        0x20000ac5     0x1  Data  Lc  v85xx_isr.o [1]
TMR0_IRQHandler::fp     0x20000ac8     0x4  Data  Lc  v85xx_isr.o [1]
TMR1_IRQHandler         0x000234c3    0x2a  Code  Gb  v85xx_isr.o [1]
TMR2_IRQHandler         0x000234f5    0x2c  Code  Gb  v85xx_isr.o [1]
TMR2_IRQHandler::counter_10ms
                        0x20004094     0x4  Data  Lc  v85xx_isr.o [1]
TMR3_IRQHandler         0x00023539     0x2  Code  Gb  v85xx_isr.o [1]
TMR_ClearINTStatus      0x00020f69     0x6  Code  Gb  v85xx_tmr.o [1]
TMR_Cmd                 0x00020f6f    0x16  Code  Gb  v85xx_tmr.o [1]
TMR_DeInit              0x00020f11    0x16  Code  Gb  v85xx_tmr.o [1]
TMR_GetINTStatus        0x00020f57    0x12  Code  Gb  v85xx_tmr.o [1]
TMR_INTConfig           0x00020f41    0x16  Code  Gb  v85xx_tmr.o [1]
TMR_Init                0x00020f27    0x1a  Code  Gb  v85xx_tmr.o [1]
TOL_ChechMagneticSwitch
                        0x00020915     0xe  Code  Gb  self_test.o [1]
TOL_GetSwitch1          0x000209e3     0xe  Code  Gb  self_test.o [1]
TOL_GetSwitch2          0x000209f1    0x12  Code  Gb  self_test.o [1]
TOL_GetSwitch3          0x00020a03    0x12  Code  Gb  self_test.o [1]
TOL_GetSwitch4          0x00020a15     0xe  Code  Gb  self_test.o [1]
TOL_ReadAllSwitch       0x00020a89    0x2c  Code  Gb  self_test.o [1]
TOL_ReadSwitchIndex     0x00020a31    0x58  Code  Gb  self_test.o [1]
TX_BUFF                 0x20003404   0x128  Data  Gb  iso7816_3_ctrl.o [1]
TaskPriority            0x200040f2     0x2  Data  Lc  Task_priority.o [1]
TestResultBuffer        0x20000920     0xc  Data  Gb  self_test.o [1]
TestState               0x20000919     0x1  Data  Gb  self_test.o [1]
[...]
new_current_screen_ptr  0x200040e4     0x2  Data  Lc  display.o [1]
new_energy_calc         0x00012585   0x2e0  Code  Gb  trf_pymt.o [1]
new_energy_wh_varh_vah  0x20003ddc     0x8  Data  Lc  trf_pymt.o [1]
new_hr                  0x0001658d    0x32  Code  Gb  ctrl.o [1]
new_md                  0x200008a4     0xc  Data  Gb  Meter_Program.o [1]
new_md_w_va_ma          0x20003de4     0xc  Data  Lc  trf_pymt.o [1]
new_min                 0x000165d5   0x110  Code  Gb  ctrl.o [1]
new_sec                 0x000166fd   0x100  Code  Gb  ctrl.o [1]
new_tarrif_config_flag  0x20003dc9     0x1  Data  Gb  trf_pymt.o [1]
new_timer_tick          0x00016461   0x128  Code  Gb  ctrl.o [1]
number_of_data_blocks   0x200008c7     0x1  Data  Lc  rfid_sys.o [1]
nxt_crc                 0x20003ba8     0x1  Data  Gb  Delta_Algorithm.o [1]
oaddr                   0x20003bdc     0x4  Data  Gb  Delta_Algorithm.o [1]
old_bill                0x20003df8     0x4  Data  Lc  trf_pymt.o [1]
open_relay              0x00014565    0x28  Code  Gb  ctrl.o [1]
optical_sec_counter     0x20004124     0x1  Data  Gb  iec62056_21_slave.o [1]
out                     0x00022757    0x1a  Code  Lc  xprintftiny.o [3]
page_mapping            0x0001b6bd    0xb6  Code  Gb  Flash.o [1]
param_limited_block     0x20003fdc    0x10  Data  Lc  rfid_sys.o [1]
pckt_end                0x0001c7cf    0x1a  Code  Gb  iec62056_21_slave.o [1]
pckt_size               0x2000083e     0x2  Data  Gb  iec62056_21_slave.o [1]
pckt_type               0x20000835     0x1  Data  Gb  iec62056_21_slave.o [1]
penalty_tmp             0x20003e07     0x1  Data  Gb  ctrl.o [1]
phase_sequence_flag     0x20004136     0x1  Data  Gb  V9203.o [1]
phase_sequence_timeout  0x200040f8     0x2  Data  Gb  V9203.o [1]
poswr                   0x20003bd0     0x4  Data  Gb  Delta_Algorithm.o [1]
power_going_down        0x000161f5    0x80  Code  Gb  ctrl.o [1]
power_is_up             0x00016281    0x34  Code  Gb  ctrl.o [1]
power_on_minute_counter
                        0x20003e0c     0x1  Data  Lc  ctrl.o [1]
prepare_req_data        0x000095e1   0x3f4  Code  Gb  rfid_sys.o [1]
preread_prewrite_flag   0x200008dc     0x2  Data  Lc  rfid_sys.o [1]
pressed_button          0x20004106     0x1  Data  Lc  display.o [1]
prev_accuracy_relay_state
                        0x20000894     0x1  Data  Lc  Meter_Program.o [1]
prev_crc                0x20003ba7     0x1  Data  Gb  Delta_Algorithm.o [1]
prev_pckt_ID            0x2000375c     0x2  Data  Gb  comm.o [1]
prev_pressed_button     0x20004107     0x1  Data  Lc  display.o [1]
prev_time_now           0x2000407c     0x4  Data  Gb  trf_pymt.o [1]
procerss_T0_req         0x0001df35   0x27e  Code  Lc  iso7816_3_ctrl.o [1]
process_and_draw_dot_matrix_screen
                        0x00008971   0x186  Code  Gb  display.o [1]
publish_event           0x00011b4f    0xb0  Code  Gb  trf_pymt.o [1]
pulseCountValues        0x20003c10    0x60  Data  Lc  V9203.o [1]
pwr_up_sec_cntr         0x20003e11     0x1  Data  Gb  ctrl.o [1]
r_w_flag                0x20000816     0x1  Data  Gb  Dot_Matrix_Interfacing.o [1]
read_size               0x200008e2     0x2  Data  Gb  rfid_sys.o [1]
read_write_ptr          0x200008f4     0x4  Data  Lc  rfid_sys.o [1]
readout_mode_object     0x00023b00    0x38  Data  Gb  iec62056_21_slave.o [1]
readvoltcounter         0x20000c5e     0x1  Data  Gb  Meter_Program.o [1]
receive_buff            0x20000868     0x4  Data  Gb  iso7816_3_ctrl.o [1]
reinit_lcd              0x2000411c     0x1  Data  Gb  display.o [1]
remove_index_flag       0x20004115     0x1  Data  Gb  display.o [1]
repeat_counter          0x200008c9     0x1  Data  Lc  rfid_sys.o [1]
replace_charge_counter_max
                        0x200040a6     0x2  Data  Gb  comm.o [1]
req_count_byte          0x2000083c     0x1  Data  Gb  iec62056_21_slave.o [1]
req_flag                0x20000c4f     0x1  Data  Lc  MFRC522.o [1]
request                 0x0001bc03    0x7a  Code  Gb  MFRC522.o [1]
resetUpdateUsingRfid    0x0000b4e1    0x18  Code  Gb  rfid_sys.o [1]
reset_buffer            0x0001c727     0xa  Code  Gb  iec62056_21_slave.o [1]
reset_cont_flag         0x00016c93     0xc  Code  Gb  ctrl.o [1]
reset_curr_bp_var       0x0001221d    0xda  Code  Gb  trf_pymt.o [1]
reset_delta_state       0x0001d319    0x12  Code  Gb  Delta_Algorithm.o [1]
reset_md                0x000121ad    0x34  Code  Gb  trf_pymt.o [1]
reset_prev_md           0x000121e1    0x2c  Code  Gb  trf_pymt.o [1]
reset_specific_tamper   0x00016f15   0x190  Code  Gb  ctrl.o [1]
reset_state_machine     0x0001c731    0x7e  Code  Gb  iec62056_21_slave.o [1]
reset_up_flag           0x00016cb1     0xc  Code  Gb  ctrl.o [1]
reset_with_corruption_counter
                        0x20003e17     0x1  Data  Lc  ctrl.o [1]
restore_optional_ctrl_data_to_default
                        0x0001710d    0x68  Code  Gb  ctrl.o [1]
restore_second_optional_ctrl_data_to_default
                        0x00017199    0x4a  Code  Gb  ctrl.o [1]
retrieval_control_blocks
                        0x20003294    0x10  Data  Lc  rfid_sys.o [1]
revers_ins_flag         0x20004133     0x1  Data  Lc  V9203.o [1]
rfid_AES_key            0x20000900    0x10  Data  Lc  rfid_sys.o [1]
rfid_bootloader_check   0x0000b515   0x28a  Code  Gb  rfid_sys.o [1]
rfid_bootloader_check::prv_zeros
                        0x200008d4     0x1  Data  Lc  rfid_sys.o [1]
rfid_bootloader_programming
                        0x0000b7a5    0x50  Code  Gb  rfid_sys.o [1]
rfid_bootloader_state   0x200008cd     0x1  Data  Gb  rfid_sys.o [1]
rfid_bootloader_task    0x0000b819   0x12a  Code  Gb  rfid_sys.o [1]
rfid_buffer             0x20000c64   0x7d0  Data  Lc  rfid_sys.o [1]
rfid_check_idle_state   0x0000b337     0x6  Code  Gb  rfid_sys.o [1]
rfid_clr_bootloader_flage
                        0x200008d1     0x1  Data  Gb  rfid_sys.o [1]
rfid_commisssioning_flag
                        0x200008cb     0x1  Data  Gb  rfid_sys.o [1]
rfid_create_bad_msg     0x00009529    0x94  Code  Gb  rfid_sys.o [1]
rfid_donot_handle_charge_cmd
                        0x200032c8     0x1  Data  Gb  rfid_sys.o [1]
rfid_generate_key       0x00009c15    0x76  Code  Gb  rfid_sys.o [1]
rfid_get_feature        0x0000b333     0x4  Code  Gb  rfid_sys.o [1]
rfid_lcd_icon           0x200032c4     0x1  Data  Gb  rfid_sys.o [1]
rfid_postdefined_data_buffer
                        0x0000b369   0x124  Code  Lc  rfid_sys.o [1]
rfid_reset_bootloader   0x0000b7f5    0x14  Code  Gb  rfid_sys.o [1]
rfid_sec_event          0x0000b20f     0xa  Code  Gb  rfid_sys.o [1]
rfid_second_counter     0x200008c4     0x1  Data  Lc  rfid_sys.o [1]
rfid_self_test          0x0000b221   0x112  Code  Gb  rfid_sys.o [1]
rfid_set_signature      0x00009bdd    0x1c  Code  Gb  rfid_sys.o [1]
rfid_task               0x00009c8d  0x1582  Code  Gb  rfid_sys.o [1]
rfid_uid                0x200032a4     0xc  Data  Lc  rfid_sys.o [1]
rfid_write_state        0x0000b491     0x6  Code  Gb  rfid_sys.o [1]
rfid_write_status       0x200008cc     0x1  Data  Gb  rfid_sys.o [1]
rs485_counter           0x20000842     0x2  Data  Gb  iec62056_21_slave.o [1]
rslt_fault              0x20000892     0x1  Data  Gb  Meter_Program.o [1]
rst_cnt                 0x20000c54     0x1  Data  Gb  MFRC522.o [1]
rtc_flag_counter        0x2000412e     0x1  Data  Gb  v85xx_isr.o [1]
rtc_task                0x00015af9    0x14  Code  Gb  ctrl.o [1]
rx_char                 0x20000832     0x1  Data  Lc  iec62056_21_slave.o [1]
rx_char_state           0x20000833     0x1  Data  Lc  iec62056_21_slave.o [1]
saddr                   0x20003bd8     0x4  Data  Gb  Delta_Algorithm.o [1]
save_bp_var_and_record  0x00012309   0x1f4  Code  Gb  trf_pymt.o [1]
save_char_in_buffer     0x0001c7af    0x20  Code  Gb  iec62056_21_slave.o [1]
save_ctrl_cfg           0x00017439    0x58  Code  Gb  ctrl.o [1]
save_ctrl_cfg_flg       0x200040fa     0x1  Data  Gb  ctrl.o [1]
scan_result             0x20003e08     0x1  Data  Gb  ctrl.o [1]
scan_result_cpy         0x20003e19     0x1  Data  Lc  ctrl.o [1]
screen_address          0x20000820     0x4  Data  Lc  Dot_Matrix_Interfacing.o [1]
screen_count            0x20004100     0x1  Data  Gb  display.o [1]
screen_value            0x20003a30    0x80  Data  Lc  Dot_Matrix_Interfacing.o [1]
screens_index           0x20003c70    0x58  Data  Gb  display.o [1]
sec_year_val            0x20004114     0x1  Data  Gb  display.o [1]
second_counter          0x20000837     0x1  Data  Lc  iec62056_21_slave.o [1]
seconds_mdw             0x20000896     0x2  Data  Gb  Meter_Program.o [1]
seconds_wasSaved        0x200040ee     0x2  Data  Gb  Meter_Program.o [1]
seconds_wasSaved_2      0x200040f0     0x2  Data  Gb  Meter_Program.o [1]
segment_location        0x00008e58    0xe0  Data  Lc  LCD_HQ30774.o [1]
segments                0x20004060     0x8  Data  Lc  display.o [1]
select                  0x0001bd3b    0x76  Code  Gb  MFRC522.o [1]
send_T1_cmd             0x0001e2fb    0x50  Code  Lc  iso7816_3_ctrl.o [1]
send_T1_pdu             0x0001e213    0x38  Code  Lc  iso7816_3_ctrl.o [1]
send_buff               0x2000086c     0x4  Data  Gb  iso7816_3_ctrl.o [1]
send_card_block         0x00009a19    0xaa  Code  Gb  rfid_sys.o [1]
send_data_pckt          0x0001cbd9   0x262  Code  Gb  iec62056_21_slave.o [1]
send_data_response_pckt
                        0x0001ce41    0x36  Code  Gb  iec62056_21_slave.o [1]
send_frame              0x0001c6c1    0x66  Code  Gb  iec62056_21_slave.o [1]
send_iso7816_apdu       0x0001dda9    0x48  Code  Gb  iso7816_3_ctrl.o [1]
send_main_data          0x0001ceb9    0x8c  Code  Gb  iec62056_21_slave.o [1]
set_date_time           0x000031a5   0x156  Code  Gb  display.o [1]
set_independent_icons   0x00002ca9   0x4d6  Code  Gb  display.o [1]
set_iso7816_trans_protocol
                        0x0001dcad    0x96  Code  Gb  iso7816_3_ctrl.o [1]
set_power_down_flag     0x00016ccd     0xc  Code  Gb  ctrl.o [1]
set_power_up_flag       0x00016cbd     0xc  Code  Gb  ctrl.o [1]
set_read_write          0x000099e5    0x1e  Code  Gb  rfid_sys.o [1]
set_screen_index        0x00002125   0x28e  Code  Lc  display.o [1]
sin                     0x0001f143     0xa  Code  Gb  cos_sin64.o [4]
sinl                    0x0001f143     0xa  Code  Gb  cos_sin64.o [4]
size_internal_bootloader_in_Extflash
                        0x20003c08     0x4  Data  Gb  Delta_Algorithm.o [1]
size_of_comm            0x0001a1f0   0x100  Data  Gb  comm.o [1]
size_of_record          0x00009370     0x8  Data  Gb  file_sys.o [1]
skip_counter            0x20003e0b     0x1  Data  Gb  ctrl.o [1]
sour_acc_size           0x20003bf0     0x4  Data  Gb  Delta_Algorithm.o [1]
sprintf                 0x00022461    0x40  Code  Gb  sprintf.o [3]
sqrt                    0x0001e4e1          Code  Gb  sqrt.o [4]
sqrtl                   0x0001e4e1          Code  Gb  sqrt.o [4]
sr_ptrn                 0x20003e0d     0x1  Data  Lc  ctrl.o [1]
start_card_uid          0x200032b8     0xc  Data  Lc  rfid_sys.o [1]
state                   0x20000836     0x1  Data  Gb  iec62056_21_slave.o [1]
state_of_connectionRightOrWrong
                        0x20003dfc     0x1  Data  Lc  ctrl.o [1]
status                  0x200008c5     0x1  Data  Lc  rfid_sys.o [1]
strlen                  0x0000f605    0x10  Code  Gb  strlen.o [5]
sub_department_id_temp  0x200032d4     0x2  Data  Lc  rfid_sys.o [1]
sub_message             0x200008c0     0x4  Data  Gb  rfid_sys.o [1]
switches_task           0x00016431    0x1e  Code  Gb  ctrl.o [1]
symbol_flag             0x200040a8     0x4  Data  Gb  display.o [1]
task_priority_get       0x00018f95    0x1a  Code  Gb  Task_priority.o [1]
task_priority_release   0x00018fb9     0xa  Code  Gb  Task_priority.o [1]
task_priority_set       0x00018faf     0xa  Code  Gb  Task_priority.o [1]
tech_id_temp            0x20003e22     0x2  Data  Gb  ctrl.o [1]
tell_trf_new_md         0x0000bad7    0x24  Code  Gb  Meter_Program.o [1]
temp                    0x20003bec     0x4  Data  Gb  Delta_Algorithm.o [1]
temp_add                0x20000824     0x4  Data  Lc  Dot_Matrix_Interfacing.o [1]
temp_page               0x2000081c     0x2  Data  Lc  Dot_Matrix_Interfacing.o [1]
temp_rfid_buffer        0x20003244    0x50  Data  Lc  rfid_sys.o [1]
temp_screen_ptr         0x20003eac    0x1c  Data  Lc  display.o [1]
temp_size               0x200008e0     0x2  Data  Lc  rfid_sys.o [1]
temp_size2              0x2000409c     0x2  Data  Gb  iec62056_21_slave.o [1]
temp_trf                0x200031b8    0x78  Data  Gb  trf_pymt.o [1]
temp_val                0x20000815     0x1  Data  Lc  Dot_Matrix_Interfacing.o [1]
test_accuracy_aftr_finsh_flag
                        0x20003f90     0x1  Data  Gb  Meter_Program.o [1]
test_accuracy_config_nw_consumption
                        0x20003f98     0x4  Data  Lc  Meter_Program.o [1]
test_accuracy_config_second
                        0x20003f94     0x4  Data  Lc  Meter_Program.o [1]
test_accuracy_variable_nw_consumption
                        0x20003fa0     0x4  Data  Gb  Meter_Program.o [1]
test_accuracy_variable_second
                        0x20003f9c     0x4  Data  Gb  Meter_Program.o [1]
test_sw_sec_counter     0x20003e15     0x1  Data  Lc  ctrl.o [1]
time_now                0x20004078     0x4  Data  Gb  trf_pymt.o [1]
timeout                 0x200040f6     0x2  Data  Lc  v85xx_adc.o [1]
timeout                 0x20004080     0x2  Data  Lc  v85xx_clk.o [1]
timeout_bootloader      0x20003bb4     0x2  Data  Gb  Delta_Algorithm.o [1]
timeout_bootloader_sec  0x0001d32b     0xa  Code  Gb  Delta_Algorithm.o [1]
timeout_cntr            0x20003e16     0x1  Data  Lc  ctrl.o [1]
timer1_tick_ms          0x200040c0     0x4  Data  Gb  Timer_Program.o [1]
tmp                     0x20004118     0x1  Data  Lc  display.o [1]
tmp                     0x20004038     0xc  Data  Lc  rfid_sys.o [1]
tmp_SW_date_last_charge
                        0x200032b0     0x8  Data  Gb  rfid_sys.o [1]
tmp_addr                0x200008d8     0x2  Data  Lc  rfid_sys.o [1]
tmp_crc                 0x2000405a     0x1  Data  Gb  comm.o [1]
tmp_crc2                0x2000083a     0x1  Data  Gb  iec62056_21_slave.o [1]
tmp_index               0x200032ce     0x2  Data  Lc  rfid_sys.o [1]
tmp_mny_rec             0x20003fb8    0x14  Data  Gb  trf_pymt.o [1]
tmp_retrieval_counter   0x200008d3     0x1  Data  Gb  rfid_sys.o [1]
tmp_sect                0x20000828     0x4  Data  Gb  Dot_Matrix_Interfacing.o [1]
tmp_toggle              0x2000411d     0x1  Data  Gb  display.o [1]
toggle_pin              0x00021379     0x8  Code  Gb  v85xx_gpio.o [1]
toggle_relay            0x000145e9    0xa8  Code  Gb  ctrl.o [1]
transaction_id_temp     0x20001a40     0x8  Data  Gb  ctrl.o [1]
trf_bak_pymnt           0x20003b34    0x54  Data  Gb  trf_pymt.o [1]
trf_cfg_save_flg        0x20003dcc     0x1  Data  Gb  trf_pymt.o [1]
trf_cfg_save_power_up   0x000142f9    0x46  Code  Gb  trf_pymt.o [1]
trf_check_future_tariff
                        0x000142b1    0x42  Code  Gb  trf_pymt.o [1]
trf_chrg_mny_rec        0x20003230    0x14  Data  Gb  trf_pymt.o [1]
trf_find_tariff_step_consumption
                        0x00013a31   0x182  Code  Gb  trf_pymt.o [1]
trf_getNextRecalcStep   0x00011a33    0x6c  Code  Gb  trf_pymt.o [1]
trf_get_TarrifChangedFlag
                        0x00011a9f    0xb0  Code  Gb  trf_pymt.o [1]
trf_get_current_step    0x00014101    0x2a  Code  Gb  trf_pymt.o [1]
trf_get_last_recalc_step
                        0x00011951    0x36  Code  Gb  trf_pymt.o [1]
trf_load_backup         0x00013275    0x7c  Code  Gb  trf_pymt.o [1]
trf_old_activity        0x2000412d     0x1  Data  Gb  trf_pymt.o [1]
trf_prv_12_month_consumption
                        0x20003df4     0x4  Data  Gb  trf_pymt.o [1]
trf_pymt_cfg            0x200030f4    0xc4  Data  Gb  trf_pymt.o [1]
trf_pymt_cmd            0x00012e85   0x21c  Code  Gb  trf_pymt.o [1]
trf_pymt_config_get     0x00012cb9    0x40  Code  Gb  trf_pymt.o [1]
trf_pymt_config_set     0x000129e5   0x2cc  Code  Gb  trf_pymt.o [1]
trf_pymt_date_time      0x20003dc0     0x8  Data  Lc  trf_pymt.o [1]
trf_pymt_event          0x00012d15   0x146  Code  Gb  trf_pymt.o [1]
trf_pymt_get_bph_mlti_rec
                        0x000130ed     0xc  Code  Gb  trf_pymt.o [1]
trf_pymt_get_bph_num    0x000130e1     0xc  Code  Gb  trf_pymt.o [1]
trf_pymt_get_md_a_data  0x00013131     0xe  Code  Gb  trf_pymt.o [1]
trf_pymt_get_md_kva_data
                        0x0001311f     0xe  Code  Gb  trf_pymt.o [1]
trf_pymt_get_md_kw_data
                        0x00013111     0xe  Code  Gb  trf_pymt.o [1]
trf_pymt_get_mlti_mny_rec
                        0x00013105     0xc  Code  Gb  trf_pymt.o [1]
trf_pymt_get_num_mny_rec
                        0x000130f9     0xc  Code  Gb  trf_pymt.o [1]
trf_pymt_get_payment_cfg
                        0x000130c1     0xe  Code  Gb  trf_pymt.o [1]
trf_pymt_get_pymt_data  0x0001313f     0xe  Code  Gb  trf_pymt.o [1]
trf_pymt_get_tariff_cfg
                        0x000130af     0xe  Code  Gb  trf_pymt.o [1]
trf_pymt_get_tariff_data
                        0x000130a1     0xe  Code  Gb  trf_pymt.o [1]
trf_pymt_get_tax_cfg    0x000130cf     0xe  Code  Gb  trf_pymt.o [1]
trf_pymt_init           0x00013159   0x112  Code  Gb  trf_pymt.o [1]
trf_pymt_read_rtc       0x00011a15    0x1e  Code  Gb  trf_pymt.o [1]
trf_pymt_reset_cfg      0x00011987    0x8e  Code  Gb  trf_pymt.o [1]
trf_pymt_task           0x00013331   0x6ee  Code  Gb  trf_pymt.o [1]
trf_pymt_var            0x20002f80   0x174  Data  Gb  trf_pymt.o [1]
trf_recalculation_prv_month
                        0x20004121     0x1  Data  Gb  file_sys.o [1]
trf_restore_backup      0x0001437f    0x46  Code  Gb  trf_pymt.o [1]
trf_save_backup         0x00014345    0x3a  Code  Gb  trf_pymt.o [1]
trf_time_monitoring_grace
                        0x00014135   0x17c  Code  Gb  trf_pymt.o [1]
tx_instruction_frame    0x20003764   0x104  Data  Lc  Flash.o [1]
type_of_card            0x200008c8     0x1  Data  Lc  rfid_sys.o [1]
uC_speed_high           0x20003e0a     0x1  Data  Gb  ctrl.o [1]
uart_receive_byte       0x0002327d    0x1c  Code  Gb  v85xx_isr.o [1]
uid_type                0x20004018     0x1  Data  Lc  MFRC522.o [1]
unlock_int_flash        0x00021e57     0x8  Code  Gb  v85xx_flash.o [1]
unpress_flag            0x20000c5b     0x1  Data  Gb  display.o [1]
up_down_sw_flag         0x20003e18     0x1  Data  Lc  ctrl.o [1]
update_last_operator_ids
                        0x0001501f     0xe  Code  Gb  ctrl.o [1]
update_rem_crdt         0x00011f39   0x204  Code  Gb  trf_pymt.o [1]
update_sr_switches_state
                        0x00014f89    0x4c  Code  Gb  ctrl.o [1]
update_technician_function
                        0x000174f1    0x7c  Code  Gb  ctrl.o [1]
uu2                     0x2000409a     0x2  Data  Gb  iec62056_21_slave.o [1]
vDelay_HW               0x0000f68d    0x2c  Code  Gb  basic_srv.o [1]
vMC_DriversInit         0x00020fdd    0x24  Code  Gb  meter_init.o [1]
vMeter_Init             0x00021001    0x94  Code  Gb  meter_init.o [1]
value_array             0x20000808     0xc  Data  Gb  Dot_Matrix_Interfacing.o [1]
verify_store_data       0x0001d335    0x64  Code  Gb  Delta_Algorithm.o [1]
wait_baud_rate_flag     0x20000838     0x1  Data  Lc  iec62056_21_slave.o [1]
wait_baud_rate_readout_flag
                        0x20000839     0x1  Data  Lc  iec62056_21_slave.o [1]
write_com               0x0000f599    0x16  Code  Gb  Dot_Matrix_MCAL.o [1]
write_data              0x0000f5af    0x14  Code  Gb  Dot_Matrix_MCAL.o [1]
write_flag              0x20000c50     0x1  Data  Lc  MFRC522.o [1]
xc                      0x20000ac4     0x1  Data  Gb  v85xx_isr.o [1]


[1] = D:\S__CODE__\Perpaid_FW\Compiler\Debug\Obj
[2] = command line
[3] = dl6M_tln.a
[4] = m6M_tl.a
[5] = rt6M_tl.a
[6] = shb_l.a

  137 294 bytes of readonly  code memory
    1 916 bytes of readonly  data memory
   18 741 bytes of readwrite data memory

Errors: none
Warnings: none
