###############################################################################
#
# IAR ELF Linker V8.22.1.15669/W32 for ARM                16/Nov/2025  12:37:36
# Copyright 2007-2018 IAR Systems AB.
#
#    Output file  =  
#        D:\ModuleLoader-master\Module\ModuleLoader-master\Compiler\Debug\Exe\V94XX.out
#    Map file     =  
#        D:\ModuleLoader-master\Module\ModuleLoader-master\Compiler\Debug\List\V94XX.map
#    Command line =  
#        -f C:\Users\IT\AppData\Local\Temp\EW2A38.tmp
#        (D:\ModuleLoader-master\Module\ModuleLoader-master\Compiler\Debug\Obj\ADC_Program.o
#        D:\ModuleLoader-master\Module\ModuleLoader-master\Compiler\Debug\Obj\basic_srv.o
#        D:\ModuleLoader-master\Module\ModuleLoader-master\Compiler\Debug\Obj\CLK_Program.o
#        D:\ModuleLoader-master\Module\ModuleLoader-master\Compiler\Debug\Obj\Driver_ISO7816_V85XX.o
#        D:\ModuleLoader-master\Module\ModuleLoader-master\Compiler\Debug\Obj\Driver_ISO7816_V94XX.o
#        D:\ModuleLoader-master\Module\ModuleLoader-master\Compiler\Debug\Obj\GPIO_Program.o
#        D:\ModuleLoader-master\Module\ModuleLoader-master\Compiler\Debug\Obj\I2C_Program.o
#        D:\ModuleLoader-master\Module\ModuleLoader-master\Compiler\Debug\Obj\ISO7816_Program.o
#        D:\ModuleLoader-master\Module\ModuleLoader-master\Compiler\Debug\Obj\keypad.o
#        D:\ModuleLoader-master\Module\ModuleLoader-master\Compiler\Debug\Obj\Main.o
#        D:\ModuleLoader-master\Module\ModuleLoader-master\Compiler\Debug\Obj\meter_init.o
#        D:\ModuleLoader-master\Module\ModuleLoader-master\Compiler\Debug\Obj\RTC_Program.o
#        D:\ModuleLoader-master\Module\ModuleLoader-master\Compiler\Debug\Obj\SPI_Program.o
#        D:\ModuleLoader-master\Module\ModuleLoader-master\Compiler\Debug\Obj\startup_V94XX.o
#        D:\ModuleLoader-master\Module\ModuleLoader-master\Compiler\Debug\Obj\System_V94XX.o
#        D:\ModuleLoader-master\Module\ModuleLoader-master\Compiler\Debug\Obj\SystemTick_Program.o
#        D:\ModuleLoader-master\Module\ModuleLoader-master\Compiler\Debug\Obj\Timer_Program.o
#        D:\ModuleLoader-master\Module\ModuleLoader-master\Compiler\Debug\Obj\UART_Program.o
#        D:\ModuleLoader-master\Module\ModuleLoader-master\Compiler\Debug\Obj\v85xx_adc.o
#        D:\ModuleLoader-master\Module\ModuleLoader-master\Compiler\Debug\Obj\v85xx_adc_tiny.o
#        D:\ModuleLoader-master\Module\ModuleLoader-master\Compiler\Debug\Obj\v85xx_ana.o
#        D:\ModuleLoader-master\Module\ModuleLoader-master\Compiler\Debug\Obj\v85xx_clk.o
#        D:\ModuleLoader-master\Module\ModuleLoader-master\Compiler\Debug\Obj\v85xx_comp.o
#        D:\ModuleLoader-master\Module\ModuleLoader-master\Compiler\Debug\Obj\v85xx_cortex.o
#        D:\ModuleLoader-master\Module\ModuleLoader-master\Compiler\Debug\Obj\v85xx_crypt.o
#        D:\ModuleLoader-master\Module\ModuleLoader-master\Compiler\Debug\Obj\v85xx_dma.o
#        D:\ModuleLoader-master\Module\ModuleLoader-master\Compiler\Debug\Obj\v85xx_flash.o
#        D:\ModuleLoader-master\Module\ModuleLoader-master\Compiler\Debug\Obj\v85xx_gpio.o
#        D:\ModuleLoader-master\Module\ModuleLoader-master\Compiler\Debug\Obj\v85xx_i2c.o
#        D:\ModuleLoader-master\Module\ModuleLoader-master\Compiler\Debug\Obj\v85xx_iso7816.o
#        D:\ModuleLoader-master\Module\ModuleLoader-master\Compiler\Debug\Obj\v85xx_isr.o
#        D:\ModuleLoader-master\Module\ModuleLoader-master\Compiler\Debug\Obj\v85xx_lcd.o
#        D:\ModuleLoader-master\Module\ModuleLoader-master\Compiler\Debug\Obj\v85xx_LoadNVR.o
#        D:\ModuleLoader-master\Module\ModuleLoader-master\Compiler\Debug\Obj\v85xx_misc.o
#        D:\ModuleLoader-master\Module\ModuleLoader-master\Compiler\Debug\Obj\v85xx_pmu.o
#        D:\ModuleLoader-master\Module\ModuleLoader-master\Compiler\Debug\Obj\v85xx_pwm.o
#        D:\ModuleLoader-master\Module\ModuleLoader-master\Compiler\Debug\Obj\v85xx_rtc.o
#        D:\ModuleLoader-master\Module\ModuleLoader-master\Compiler\Debug\Obj\v85xx_spi.o
#        D:\ModuleLoader-master\Module\ModuleLoader-master\Compiler\Debug\Obj\v85xx_tmr.o
#        D:\ModuleLoader-master\Module\ModuleLoader-master\Compiler\Debug\Obj\v85xx_u32k.o
#        D:\ModuleLoader-master\Module\ModuleLoader-master\Compiler\Debug\Obj\v85xx_uart.o
#        D:\ModuleLoader-master\Module\ModuleLoader-master\Compiler\Debug\Obj\v85xx_version.o
#        D:\ModuleLoader-master\Module\ModuleLoader-master\Compiler\Debug\Obj\v85xx_wdt.o
#        D:\ModuleLoader-master\Module\ModuleLoader-master\Compiler\Debug\Obj\V94XX_ADC.o
#        D:\ModuleLoader-master\Module\ModuleLoader-master\Compiler\Debug\Obj\V94XX_ADC_Tiny.o
#        D:\ModuleLoader-master\Module\ModuleLoader-master\Compiler\Debug\Obj\V94XX_ANA.o
#        D:\ModuleLoader-master\Module\ModuleLoader-master\Compiler\Debug\Obj\V94XX_CLK.o
#        D:\ModuleLoader-master\Module\ModuleLoader-master\Compiler\Debug\Obj\V94XX_CodeRAM.o
#        D:\ModuleLoader-master\Module\ModuleLoader-master\Compiler\Debug\Obj\V94XX_COMP.o
#        D:\ModuleLoader-master\Module\ModuleLoader-master\Compiler\Debug\Obj\V94XX_CORTEX.o
#        D:\ModuleLoader-master\Module\ModuleLoader-master\Compiler\Debug\Obj\V94XX_CRYPT.o
#        D:\ModuleLoader-master\Module\ModuleLoader-master\Compiler\Debug\Obj\V94XX_DMA.o
#        D:\ModuleLoader-master\Module\ModuleLoader-master\Compiler\Debug\Obj\V94XX_FLASH.o
#        D:\ModuleLoader-master\Module\ModuleLoader-master\Compiler\Debug\Obj\V94XX_GPIO.o
#        D:\ModuleLoader-master\Module\ModuleLoader-master\Compiler\Debug\Obj\V94XX_I2C.o
#        D:\ModuleLoader-master\Module\ModuleLoader-master\Compiler\Debug\Obj\V94XX_ISO7816.o
#        D:\ModuleLoader-master\Module\ModuleLoader-master\Compiler\Debug\Obj\V94XX_ISR.o
#        D:\ModuleLoader-master\Module\ModuleLoader-master\Compiler\Debug\Obj\V94XX_LCD.o
#        D:\ModuleLoader-master\Module\ModuleLoader-master\Compiler\Debug\Obj\V94XX_LoadNVR.o
#        D:\ModuleLoader-master\Module\ModuleLoader-master\Compiler\Debug\Obj\V94XX_MISC.o
#        D:\ModuleLoader-master\Module\ModuleLoader-master\Compiler\Debug\Obj\V94XX_PMU.o
#        D:\ModuleLoader-master\Module\ModuleLoader-master\Compiler\Debug\Obj\V94XX_PWM.o
#        D:\ModuleLoader-master\Module\ModuleLoader-master\Compiler\Debug\Obj\V94XX_RTC.o
#        D:\ModuleLoader-master\Module\ModuleLoader-master\Compiler\Debug\Obj\V94XX_SPI.o
#        D:\ModuleLoader-master\Module\ModuleLoader-master\Compiler\Debug\Obj\V94XX_TMR.o
#        D:\ModuleLoader-master\Module\ModuleLoader-master\Compiler\Debug\Obj\V94XX_U32K.o
#        D:\ModuleLoader-master\Module\ModuleLoader-master\Compiler\Debug\Obj\V94XX_UART.o
#        D:\ModuleLoader-master\Module\ModuleLoader-master\Compiler\Debug\Obj\V94XX_Version.o
#        D:\ModuleLoader-master\Module\ModuleLoader-master\Compiler\Debug\Obj\V94XX_WDT.o
#        -o
#        D:\ModuleLoader-master\Module\ModuleLoader-master\Compiler\Debug\Exe\V94XX.out
#        --map
#        D:\ModuleLoader-master\Module\ModuleLoader-master\Compiler\Debug\List\V94XX.map
#        --config "C:\Program Files (x86)\IAR Systems\Embedded Workbench
#        8.0\arm\config\linker\VANGO\V94XX_flash.icf" --semihosting --entry
#        __iar_program_start --vfe --text_out locale)
#
###############################################################################

*******************************************************************************
*** RUNTIME MODEL ATTRIBUTES
***

CppFlavor       = *
__SystemLibrary = DLib
__dlib_version  = 6


*******************************************************************************
*** HEAP SELECTION
***

The basic heap was selected because no calls to memory allocation
functions were found in the application outside of system library
functions, and there are calls to deallocation functions in the
application.


*******************************************************************************
*** PLACEMENT SUMMARY
***

"A0":  place at 0x00000000 { ro section .intvec };
"P1":  place in [from 0x00000000 to 0x0003ffff] { ro };
define block CSTACK with size = 4K, alignment = 8 { };
define block HEAP with size = 1K, alignment = 8 { };
"P2":  place in [from 0x20000000 to 0x20007fff] {
          rw, block CSTACK, block HEAP };
initialize by copy { rw };

No sections matched the following patterns:

  ro section .Reset_Handler_text  in "A1"


  Section            Kind        Address    Size  Object
  -------            ----        -------    ----  ------
"A0":                                       0xc0
  .intvec            ro code  0x00000000    0xc0  startup_V94XX.o [1]
                            - 0x000000c0    0xc0

"P1":                                      0xa31
  .text              ro code  0x000000c0   0x320  Driver_ISO7816_V94XX.o [1]
  .text              ro code  0x000003e0   0x1c4  V94XX_ISR.o [1]
  .text              ro code  0x000005a4    0x24  V94XX_CORTEX.o [1]
  .text              ro code  0x000005c8    0x20  V94XX_RTC.o [1]
  .text              ro code  0x000005e8     0x4  V94XX_UART.o [1]
  .text              ro code  0x000005ec    0x16  V94XX_TMR.o [1]
  .text              ro code  0x00000602     0x2  startup_V94XX.o [1]
  .text              ro code  0x00000604    0x20  V94XX_ANA.o [1]
  .module_code       ro code  0x00000624   0x176  keypad.o [1]
  .text              ro code  0x0000079c   0x104  GPIO_Program.o [1]
  .text              ro code  0x000008a0    0x48  basic_srv.o [1]
  .text              ro code  0x000008e8    0xf0  V94XX_GPIO.o [1]
  .text              ro code  0x000009d8    0x3c  packbits_init_single.o [5]
  .text              ro code  0x00000a14    0x28  data_init.o [5]
  .iar.init_table    const    0x00000a3c    0x10  - Linker created -
  .text              ro code  0x00000a4c    0x1e  cmain.o [5]
  .text              ro code  0x00000a6a     0x4  low_level_init.o [3]
  .text              ro code  0x00000a6e     0x4  Main.o [1]
  .text              ro code  0x00000a72     0x8  exit.o [3]
  .text              ro code  0x00000a7c     0xa  cexit.o [5]
  .text              ro code  0x00000a88    0x14  exit.o [6]
  .module_functions  const    0x00000a9c    0x1c  keypad.o [1]
  .module_rodata     const    0x00000ab8    0x10  keypad.o [1]
  .rodata            const    0x00000ac8     0xc  Driver_ISO7816_V94XX.o [1]
  .text              ro code  0x00000ad4     0xc  cstartup_M.o [5]
  .text              ro code  0x00000ae0     0x8  startup_V94XX.o [1]
  .module_header     const    0x00000ae8     0x4  keypad.o [1]
  .rodata            const    0x00000aec     0x0  packbits_init_single.o [5]
  Initializer bytes  const    0x00000aec     0x5  <for P2-1>
                            - 0x00000af1   0xa31

"P2", part 1 of 2:                          0x3a
  P2-1                        0x20000000    0x3a  <Init block>
    .bss             inited   0x20000000    0x14  Driver_ISO7816_V94XX.o [1]
    .bss             inited   0x20000014    0x1c  Driver_ISO7816_V94XX.o [1]
    .bss             inited   0x20000030     0x4  V94XX_ISR.o [1]
    .bss             inited   0x20000034     0x4  V94XX_ISR.o [1]
    .data            inited   0x20000038     0x1  keypad.o [1]
    .bss             inited   0x20000039     0x1  keypad.o [1]
                            - 0x2000003a    0x3a

"P2", part 2 of 2:                        0x1000
  CSTACK                      0x20000040  0x1000  <Block>
    CSTACK           uninit   0x20000040  0x1000  <Block tail>
                            - 0x20001040  0x1000


*******************************************************************************
*** INIT TABLE
***

          Address     Size
          -------     ----
Copy/packbits (__iar_packbits_init_single3)
    1 source range, total size 0x5 (8% of destination):
          0x00000aec   0x5
    1 destination range, total size 0x3a:
          0x20000000  0x3a



*******************************************************************************
*** MODULE SUMMARY
***

    Module                  ro code  ro data  rw data
    ------                  -------  -------  -------
D:\ModuleLoader-master\Module\ModuleLoader-master\Compiler\Debug\Obj: [1]
    Driver_ISO7816_V94XX.o      800       16       48
    GPIO_Program.o              260
    Main.o                        4
    V94XX_ANA.o                  32
    V94XX_CORTEX.o               36
    V94XX_GPIO.o                240
    V94XX_ISR.o                 452                 8
    V94XX_RTC.o                  32
    V94XX_TMR.o                  22
    V94XX_UART.o                  4
    basic_srv.o                  72
    keypad.o                    374       49        2
    startup_V94XX.o             202
    -------------------------------------------------
    Total:                    2 530       65       58

command line: [2]
    -------------------------------------------------
    Total:

dl6M_tln.a: [3]
    exit.o                        8
    low_level_init.o              4
    -------------------------------------------------
    Total:                       12

m6M_tl.a: [4]
    -------------------------------------------------
    Total:

rt6M_tl.a: [5]
    cexit.o                      10
    cmain.o                      30
    cstartup_M.o                 12
    data_init.o                  40
    packbits_init_single.o       60
    -------------------------------------------------
    Total:                      152

shb_l.a: [6]
    exit.o                       20
    -------------------------------------------------
    Total:                       20

    Gaps                          6
    Linker created                        16    4 096
-----------------------------------------------------
    Grand Total:              2 720       81    4 154


*******************************************************************************
*** ENTRY LIST
***

Entry                      Address   Size  Type      Object
-----                      -------   ----  ----      ------
.iar.init_table$$Base   0x00000a3c          --   Gb  - Linker created -
.iar.init_table$$Limit  0x00000a4c          --   Gb  - Linker created -
?main                   0x00000a4d         Code  Gb  cmain.o [5]
ANA_ClearINTStatus      0x00000619    0x6  Code  Gb  V94XX_ANA.o [1]
ANA_GetINTStatus        0x00000605   0x14  Code  Gb  V94XX_ANA.o [1]
ANA_IRQHandler          0x00000591   0x14  Code  Gb  V94XX_ISR.o [1]
ARM_ISO78160_IRQHandler
                        0x000003d3    0xa  Code  Gb  Driver_ISO7816_V94XX.o [1]
ARM_ISO7816_IRQHandler  0x000000c1  0x312  Code  Lc  Driver_ISO7816_V94XX.o [1]
CORTEX_NVIC_SystemReset
                        0x000005c1    0x8  Code  Gb  V94XX_CORTEX.o [1]
CSTACK$$Base            0x20000040          --   Gb  - Linker created -
CSTACK$$Limit           0x20001040          --   Gb  - Linker created -
DMA_IRQHandler          0x0000058d    0x2  Code  Gb  V94XX_ISR.o [1]
Delay_ms                0x000008d1   0x18  Code  Gb  basic_srv.o [1]
Delay_us                0x000008a1   0x30  Code  Gb  basic_srv.o [1]
FLASH_IRQHandler        0x0000058f    0x2  Code  Gb  V94XX_ISR.o [1]
GPIOA_Init              0x0000093d   0x46  Code  Gb  V94XX_GPIO.o [1]
GPIOA_ReadInputDataBit  0x00000997   0x14  Code  Gb  V94XX_GPIO.o [1]
GPIOA_ResetBits         0x000009c9    0xa  Code  Gb  V94XX_GPIO.o [1]
GPIOA_SetBits           0x000009b5    0xa  Code  Gb  V94XX_GPIO.o [1]
GPIOBToF_Init           0x000008e9   0x54  Code  Gb  V94XX_GPIO.o [1]
GPIOBToF_ReadInputDataBit
                        0x00000983   0x14  Code  Gb  V94XX_GPIO.o [1]
GPIOBToF_ResetBits      0x000009bf    0xa  Code  Gb  V94XX_GPIO.o [1]
GPIOBToF_SetBits        0x000009ab    0xa  Code  Gb  V94XX_GPIO.o [1]
HardFault_Handler       0x000003eb    0xa  Code  Gb  V94XX_ISR.o [1]
I2C_IRQHandler          0x0000041d    0x2  Code  Gb  V94XX_ISR.o [1]
ISO78160_Info           0x20000000   0x14  Data  Lc  Driver_ISO7816_V94XX.o [1]
ISO78160_Resources      0x00000ac8    0xc  Data  Lc  Driver_ISO7816_V94XX.o [1]
ISO78160_Xfer           0x20000014   0x1c  Data  Lc  Driver_ISO7816_V94XX.o [1]
ISO7816_IRQHandler      0x000004db    0x8  Code  Gb  V94XX_ISR.o [1]
KEYPAD_MAP              0x00000ab8   0x10  Data  Lc  keypad.o [1]
NMI_Handler             0x000003e1    0xa  Code  Gb  V94XX_ISR.o [1]
NVIC_SystemReset        0x000005a5   0x14  Code  Lc  V94XX_CORTEX.o [1]
PMU_IRQHandler          0x000003fb    0x2  Code  Gb  V94XX_ISR.o [1]
PWM0_IRQHandler         0x00000585    0x2  Code  Gb  V94XX_ISR.o [1]
PWM1_IRQHandler         0x00000587    0x2  Code  Gb  V94XX_ISR.o [1]
PWM2_IRQHandler         0x00000589    0x2  Code  Gb  V94XX_ISR.o [1]
PWM3_IRQHandler         0x0000058b    0x2  Code  Gb  V94XX_ISR.o [1]
PendSV_Handler          0x000003f7    0x2  Code  Gb  V94XX_ISR.o [1]
RTC_ClearINTStatus      0x000005dd    0x6  Code  Gb  V94XX_RTC.o [1]
RTC_GetINTStatus        0x000005c9   0x14  Code  Gb  V94XX_RTC.o [1]
RTC_IRQHandler          0x000003fd   0x1c  Code  Gb  V94XX_ISR.o [1]
Region$$Table$$Base     0x00000a3c          --   Gb  - Linker created -
Region$$Table$$Limit    0x00000a4c          --   Gb  - Linker created -
SVC_Handler             0x000003f5    0x2  Code  Gb  V94XX_ISR.o [1]
S_GPIO_Clear_Bits       0x000007d3   0x36  Code  Gb  GPIO_Program.o [1]
S_GPIO_Get_Bits         0x00000809   0x3a  Code  Gb  GPIO_Program.o [1]
S_GPIO_Set_Bits         0x0000079d   0x36  Code  Gb  GPIO_Program.o [1]
S_GpioInit_PIN          0x00000843   0x46  Code  Gb  GPIO_Program.o [1]
SysTick_Handler         0x000003f9    0x2  Code  Gb  V94XX_ISR.o [1]
TMR0_IRQHandler         0x000004e3   0x14  Code  Gb  V94XX_ISR.o [1]
TMR1_IRQHandler         0x000004f7   0x14  Code  Gb  V94XX_ISR.o [1]
TMR2_IRQHandler         0x0000050b   0x36  Code  Gb  V94XX_ISR.o [1]
TMR2_IRQHandler::counter_10ms
                        0x20000034    0x4  Data  Lc  V94XX_ISR.o [1]
TMR3_IRQHandler         0x00000541   0x14  Code  Gb  V94XX_ISR.o [1]
TMR_ClearINTStatus      0x000005fd    0x6  Code  Gb  V94XX_TMR.o [1]
TMR_GetINTStatus        0x000005ed   0x10  Code  Gb  V94XX_TMR.o [1]
U32K0_IRQHandler        0x00000419    0x2  Code  Gb  V94XX_ISR.o [1]
U32K1_IRQHandler        0x0000041b    0x2  Code  Gb  V94XX_ISR.o [1]
UART0_IRQHandler        0x0000041f   0x2e  Code  Gb  V94XX_ISR.o [1]
UART1_IRQHandler        0x0000044d    0xc  Code  Gb  V94XX_ISR.o [1]
UART2_IRQHandler        0x00000459   0x2e  Code  Gb  V94XX_ISR.o [1]
UART4_IRQHandler        0x00000487   0x2e  Code  Gb  V94XX_ISR.o [1]
UART5_IRQHandler        0x000004b5   0x26  Code  Gb  V94XX_ISR.o [1]
UART_ClearINTStatus     0x000005e9    0x4  Code  Gb  V94XX_UART.o [1]
__ICFEDIT_region_RAM_end__ {Abs}
                        0x20007fff         Data  Gb  command line/config [2]
__ICFEDIT_region_RAM_start__ {Abs}
                        0x20000000         Data  Gb  command line/config [2]
__cmain                 0x00000a4d         Code  Gb  cmain.o [5]
__exit                  0x00000a89   0x14  Code  Gb  exit.o [6]
__iar_data_init3        0x00000a15   0x28  Code  Gb  data_init.o [5]
__iar_packbits_init_single3
                        0x000009d9   0x3c  Code  Gb  packbits_init_single.o [5]
__iar_program_start     0x00000ad5         Code  Gb  cstartup_M.o [5]
__iar_systems$$module {Abs}
                        0x00000001         Data  Gb  command line/config [2]
__low_level_init        0x00000a6b    0x4  Code  Gb  low_level_init.o [3]
__vector_table          0x00000000         Data  Gb  startup_V94XX.o [1]
_call_main              0x00000a59         Code  Gb  cmain.o [5]
_exit                   0x00000a7d         Code  Gb  cexit.o [5]
_main                   0x00000a67         Code  Gb  cmain.o [5]
counter_1ms             0x20000030    0x4  Data  Gb  V94XX_ISR.o [1]
exit                    0x00000a73    0x8  Code  Gb  exit.o [3]
g_keypad_initialized    0x20000039    0x1  Data  Lc  keypad.o [1]
g_last_key              0x20000038    0x1  Data  Lc  keypad.o [1]
keypad_debounce_delay   0x0000068b    0xa  Code  Gb  keypad.o [1]
keypad_deinit           0x0000065f   0x2c  Code  Gb  keypad.o [1]
keypad_functions        0x00000a9c   0x1c  Data  Gb  keypad.o [1]
keypad_get_key          0x0000072b   0x3c  Code  Gb  keypad.o [1]
keypad_get_last_key     0x00000767    0x6  Code  Gb  keypad.o [1]
keypad_init             0x00000625   0x3a  Code  Gb  keypad.o [1]
keypad_is_key_pressed   0x00000709   0x22  Code  Gb  keypad.o [1]
keypad_scan_matrix      0x00000695   0x74  Code  Lc  keypad.o [1]
keypad_wait_for_key     0x00000781   0x1a  Code  Gb  keypad.o [1]
main                    0x00000a6f    0x4  Code  Gb  Main.o [1]
module_magic            0x00000ae8    0x4  Data  Gb  keypad.o [1]


[1] = D:\ModuleLoader-master\Module\ModuleLoader-master\Compiler\Debug\Obj
[2] = command line
[3] = dl6M_tln.a
[4] = m6M_tl.a
[5] = rt6M_tl.a
[6] = shb_l.a

  2 720 bytes of readonly  code memory
     81 bytes of readonly  data memory
  4 154 bytes of readwrite data memory

Errors: none
Warnings: none
