###############################################################################
#
# IAR ELF Linker V8.22.1.15669/W32 for ARM                08/Feb/2026  13:11:26
# Copyright 2007-2018 IAR Systems AB.
#
#    Output file  =  
#        D:\ElsewedyElectrometer\FinalVersion\ModuleLoader\Compiler\Debug\Exe\V94XX.out
#    Map file     =  
#        D:\ElsewedyElectrometer\FinalVersion\ModuleLoader\Compiler\Debug\List\V94XX.map
#    Command line =  
#        -f C:\Users\IT\AppData\Local\Temp\EW7123.tmp
#        (D:\ElsewedyElectrometer\FinalVersion\ModuleLoader\Compiler\Debug\Obj\ADC_Program.o
#        D:\ElsewedyElectrometer\FinalVersion\ModuleLoader\Compiler\Debug\Obj\basic_srv.o
#        D:\ElsewedyElectrometer\FinalVersion\ModuleLoader\Compiler\Debug\Obj\CLK_Program.o
#        D:\ElsewedyElectrometer\FinalVersion\ModuleLoader\Compiler\Debug\Obj\Driver_ISO7816_V85XX.o
#        D:\ElsewedyElectrometer\FinalVersion\ModuleLoader\Compiler\Debug\Obj\Driver_ISO7816_V94XX.o
#        D:\ElsewedyElectrometer\FinalVersion\ModuleLoader\Compiler\Debug\Obj\EEPROM.o
#        D:\ElsewedyElectrometer\FinalVersion\ModuleLoader\Compiler\Debug\Obj\file_sys.o
#        D:\ElsewedyElectrometer\FinalVersion\ModuleLoader\Compiler\Debug\Obj\Flash.o
#        D:\ElsewedyElectrometer\FinalVersion\ModuleLoader\Compiler\Debug\Obj\Flash_app.o
#        D:\ElsewedyElectrometer\FinalVersion\ModuleLoader\Compiler\Debug\Obj\GPIO_Program.o
#        D:\ElsewedyElectrometer\FinalVersion\ModuleLoader\Compiler\Debug\Obj\I2C_Program.o
#        D:\ElsewedyElectrometer\FinalVersion\ModuleLoader\Compiler\Debug\Obj\ISO7816_Program.o
#        D:\ElsewedyElectrometer\FinalVersion\ModuleLoader\Compiler\Debug\Obj\Keypad._stub.o
#        D:\ElsewedyElectrometer\FinalVersion\ModuleLoader\Compiler\Debug\Obj\loader.o
#        D:\ElsewedyElectrometer\FinalVersion\ModuleLoader\Compiler\Debug\Obj\Main.o
#        D:\ElsewedyElectrometer\FinalVersion\ModuleLoader\Compiler\Debug\Obj\meter_init.o
#        D:\ElsewedyElectrometer\FinalVersion\ModuleLoader\Compiler\Debug\Obj\RTC_Program.o
#        D:\ElsewedyElectrometer\FinalVersion\ModuleLoader\Compiler\Debug\Obj\SPI_Program.o
#        D:\ElsewedyElectrometer\FinalVersion\ModuleLoader\Compiler\Debug\Obj\startup_V94XX.o
#        D:\ElsewedyElectrometer\FinalVersion\ModuleLoader\Compiler\Debug\Obj\System_V94XX.o
#        D:\ElsewedyElectrometer\FinalVersion\ModuleLoader\Compiler\Debug\Obj\SystemTick_Program.o
#        D:\ElsewedyElectrometer\FinalVersion\ModuleLoader\Compiler\Debug\Obj\Task_priority.o
#        D:\ElsewedyElectrometer\FinalVersion\ModuleLoader\Compiler\Debug\Obj\Timer_Program.o
#        D:\ElsewedyElectrometer\FinalVersion\ModuleLoader\Compiler\Debug\Obj\UART_Program.o
#        D:\ElsewedyElectrometer\FinalVersion\ModuleLoader\Compiler\Debug\Obj\v85xx_adc.o
#        D:\ElsewedyElectrometer\FinalVersion\ModuleLoader\Compiler\Debug\Obj\v85xx_adc_tiny.o
#        D:\ElsewedyElectrometer\FinalVersion\ModuleLoader\Compiler\Debug\Obj\v85xx_ana.o
#        D:\ElsewedyElectrometer\FinalVersion\ModuleLoader\Compiler\Debug\Obj\v85xx_clk.o
#        D:\ElsewedyElectrometer\FinalVersion\ModuleLoader\Compiler\Debug\Obj\v85xx_comp.o
#        D:\ElsewedyElectrometer\FinalVersion\ModuleLoader\Compiler\Debug\Obj\v85xx_cortex.o
#        D:\ElsewedyElectrometer\FinalVersion\ModuleLoader\Compiler\Debug\Obj\v85xx_crypt.o
#        D:\ElsewedyElectrometer\FinalVersion\ModuleLoader\Compiler\Debug\Obj\v85xx_dma.o
#        D:\ElsewedyElectrometer\FinalVersion\ModuleLoader\Compiler\Debug\Obj\v85xx_flash.o
#        D:\ElsewedyElectrometer\FinalVersion\ModuleLoader\Compiler\Debug\Obj\v85xx_gpio.o
#        D:\ElsewedyElectrometer\FinalVersion\ModuleLoader\Compiler\Debug\Obj\v85xx_i2c.o
#        D:\ElsewedyElectrometer\FinalVersion\ModuleLoader\Compiler\Debug\Obj\v85xx_iso7816.o
#        D:\ElsewedyElectrometer\FinalVersion\ModuleLoader\Compiler\Debug\Obj\v85xx_isr.o
#        D:\ElsewedyElectrometer\FinalVersion\ModuleLoader\Compiler\Debug\Obj\v85xx_lcd.o
#        D:\ElsewedyElectrometer\FinalVersion\ModuleLoader\Compiler\Debug\Obj\v85xx_LoadNVR.o
#        D:\ElsewedyElectrometer\FinalVersion\ModuleLoader\Compiler\Debug\Obj\v85xx_misc.o
#        D:\ElsewedyElectrometer\FinalVersion\ModuleLoader\Compiler\Debug\Obj\v85xx_pmu.o
#        D:\ElsewedyElectrometer\FinalVersion\ModuleLoader\Compiler\Debug\Obj\v85xx_pwm.o
#        D:\ElsewedyElectrometer\FinalVersion\ModuleLoader\Compiler\Debug\Obj\v85xx_rtc.o
#        D:\ElsewedyElectrometer\FinalVersion\ModuleLoader\Compiler\Debug\Obj\v85xx_spi.o
#        D:\ElsewedyElectrometer\FinalVersion\ModuleLoader\Compiler\Debug\Obj\v85xx_tmr.o
#        D:\ElsewedyElectrometer\FinalVersion\ModuleLoader\Compiler\Debug\Obj\v85xx_u32k.o
#        D:\ElsewedyElectrometer\FinalVersion\ModuleLoader\Compiler\Debug\Obj\v85xx_uart.o
#        D:\ElsewedyElectrometer\FinalVersion\ModuleLoader\Compiler\Debug\Obj\v85xx_version.o
#        D:\ElsewedyElectrometer\FinalVersion\ModuleLoader\Compiler\Debug\Obj\v85xx_wdt.o
#        D:\ElsewedyElectrometer\FinalVersion\ModuleLoader\Compiler\Debug\Obj\V94XX_ADC.o
#        D:\ElsewedyElectrometer\FinalVersion\ModuleLoader\Compiler\Debug\Obj\V94XX_ADC_Tiny.o
#        D:\ElsewedyElectrometer\FinalVersion\ModuleLoader\Compiler\Debug\Obj\V94XX_ANA.o
#        D:\ElsewedyElectrometer\FinalVersion\ModuleLoader\Compiler\Debug\Obj\V94XX_CLK.o
#        D:\ElsewedyElectrometer\FinalVersion\ModuleLoader\Compiler\Debug\Obj\V94XX_CodeRAM.o
#        D:\ElsewedyElectrometer\FinalVersion\ModuleLoader\Compiler\Debug\Obj\V94XX_COMP.o
#        D:\ElsewedyElectrometer\FinalVersion\ModuleLoader\Compiler\Debug\Obj\V94XX_CORTEX.o
#        D:\ElsewedyElectrometer\FinalVersion\ModuleLoader\Compiler\Debug\Obj\V94XX_CRYPT.o
#        D:\ElsewedyElectrometer\FinalVersion\ModuleLoader\Compiler\Debug\Obj\V94XX_DMA.o
#        D:\ElsewedyElectrometer\FinalVersion\ModuleLoader\Compiler\Debug\Obj\V94XX_FLASH.o
#        D:\ElsewedyElectrometer\FinalVersion\ModuleLoader\Compiler\Debug\Obj\V94XX_GPIO.o
#        D:\ElsewedyElectrometer\FinalVersion\ModuleLoader\Compiler\Debug\Obj\V94XX_I2C.o
#        D:\ElsewedyElectrometer\FinalVersion\ModuleLoader\Compiler\Debug\Obj\V94XX_ISO7816.o
#        D:\ElsewedyElectrometer\FinalVersion\ModuleLoader\Compiler\Debug\Obj\V94XX_ISR.o
#        D:\ElsewedyElectrometer\FinalVersion\ModuleLoader\Compiler\Debug\Obj\V94XX_LCD.o
#        D:\ElsewedyElectrometer\FinalVersion\ModuleLoader\Compiler\Debug\Obj\V94XX_LoadNVR.o
#        D:\ElsewedyElectrometer\FinalVersion\ModuleLoader\Compiler\Debug\Obj\V94XX_MISC.o
#        D:\ElsewedyElectrometer\FinalVersion\ModuleLoader\Compiler\Debug\Obj\V94XX_PMU.o
#        D:\ElsewedyElectrometer\FinalVersion\ModuleLoader\Compiler\Debug\Obj\V94XX_PWM.o
#        D:\ElsewedyElectrometer\FinalVersion\ModuleLoader\Compiler\Debug\Obj\V94XX_RTC.o
#        D:\ElsewedyElectrometer\FinalVersion\ModuleLoader\Compiler\Debug\Obj\V94XX_SPI.o
#        D:\ElsewedyElectrometer\FinalVersion\ModuleLoader\Compiler\Debug\Obj\V94XX_TMR.o
#        D:\ElsewedyElectrometer\FinalVersion\ModuleLoader\Compiler\Debug\Obj\V94XX_U32K.o
#        D:\ElsewedyElectrometer\FinalVersion\ModuleLoader\Compiler\Debug\Obj\V94XX_UART.o
#        D:\ElsewedyElectrometer\FinalVersion\ModuleLoader\Compiler\Debug\Obj\V94XX_Version.o
#        D:\ElsewedyElectrometer\FinalVersion\ModuleLoader\Compiler\Debug\Obj\V94XX_WDT.o
#        -o
#        D:\ElsewedyElectrometer\FinalVersion\ModuleLoader\Compiler\Debug\Exe\V94XX.out
#        --map
#        D:\ElsewedyElectrometer\FinalVersion\ModuleLoader\Compiler\Debug\List\V94XX.map
#        --config "C:\Program Files (x86)\IAR Systems\Embedded Workbench
#        8.0\arm\config\linker\VANGO\V94XX_flash.icf" --semihosting --entry
#        __iar_program_start --vfe --text_out locale)
#
###############################################################################

*******************************************************************************
*** RUNTIME MODEL ATTRIBUTES
***

CppFlavor       = *
__SystemLibrary = DLib
__dlib_version  = 6


*******************************************************************************
*** HEAP SELECTION
***

The basic heap was selected because no calls to memory allocation
functions were found in the application outside of system library
functions, and there are calls to deallocation functions in the
application.


*******************************************************************************
*** PLACEMENT SUMMARY
***

"A0":  place at 0x00000000 { ro section .intvec };
"P1":  place in [from 0x00000000 to 0x0003ffff] { ro };
define block CSTACK with size = 4K, alignment = 8 { };
define block HEAP with size = 1K, alignment = 8 { };
"P2":  place in [from 0x20000000 to 0x20007fff] {
          rw, block CSTACK, block HEAP };
initialize by copy { rw };

No sections matched the following patterns:

  ro section .Reset_Handler_text  in "A1"


  Section            Kind        Address    Size  Object
  -------            ----        -------    ----  ------
"A0":                                       0xc0
  .intvec            ro code  0x00000000    0xc0  startup_V94XX.o [1]
                            - 0x000000c0    0xc0

"P1":                                     0x238a
  .text              ro code  0x000000c0   0x4a0  Flash.o [1]
  .text              ro code  0x00000560    0x5c  ABImemcpy.o [5]
  .text              ro code  0x000005bc   0x30c  GPIO_Program.o [1]
  .text              ro code  0x000008c8   0x12c  SPI_Program.o [1]
  .text              ro code  0x000009f4    0x50  ABImemset.o [5]
  .text              ro code  0x00000a44    0x48  basic_srv.o [1]
  .text              ro code  0x00000a8c    0x74  V94XX_I2C.o [1]
  .text              ro code  0x00000b00    0xc8  V94XX_GPIO.o [1]
  .text              ro code  0x00000bc8    0xd4  V94XX_SPI.o [1]
  .text              ro code  0x00000c9c   0x428  V94XX_CLK.o [1]
  .text              ro code  0x000010c4    0x98  V94XX_RTC.o [1]
  .text              ro code  0x0000115c    0xae  I32DivModFast.o [5]
  .text              ro code  0x0000120a     0x2  startup_V94XX.o [1]
  .text              ro code  0x0000120c     0x2  IntDivZer.o [5]
  .text              ro code  0x00001210   0x320  Driver_ISO7816_V94XX.o [1]
  .text              ro code  0x00001530   0x2e8  loader.o [1]
  .text              ro code  0x00001818    0xe0  V94XX_FLASH.o [1]
  .text              ro code  0x000018f8   0x224  UART_Program.o [1]
  .text              ro code  0x00001b1c    0xae  V94XX_UART.o [1]
  .text              ro code  0x00001bcc    0xfe  V94XX_CORTEX.o [1]
  .text              ro code  0x00001ccc   0x1c4  V94XX_ISR.o [1]
  .text              ro code  0x00001e90    0x16  V94XX_TMR.o [1]
  .text              ro code  0x00001ea8    0x20  V94XX_ANA.o [1]
  .text              ro code  0x00001ec8    0xf0  V94XX_ADC.o [1]
  .text              ro code  0x00001fb8    0x90  Main.o [1]
  .text              ro code  0x00002048    0x4a  CLK_Program.o [1]
  .text              ro code  0x00002094    0x2c  meter_init.o [1]
  .text              ro code  0x000020c0    0x28  Keypad._stub.o [1]
  .text              ro code  0x000020e8    0x32  I2C_Program.o [1]
  .text              ro code  0x0000211c    0x30  ADC_Program.o [1]
  .text              ro code  0x0000214c    0x18  V94XX_PMU.o [1]
  .text              ro code  0x00002164    0x3c  zero_init3.o [5]
  .text              ro code  0x000021a0    0x3c  packbits_init_single.o [5]
  .text              ro code  0x000021dc    0x28  data_init.o [5]
  .iar.init_table    const    0x00002204    0x20  - Linker created -
  .text              ro code  0x00002224    0x1e  cmain.o [5]
  .text              ro code  0x00002242     0x4  low_level_init.o [3]
  .text              ro code  0x00002246     0x8  exit.o [3]
  .text              ro code  0x00002250     0xa  cexit.o [5]
  .text              ro code  0x0000225c    0x14  exit.o [6]
  .rodata            const    0x00002270     0xc  Driver_ISO7816_V94XX.o [1]
  .rodata            const    0x0000227c     0xc  loader.o [1]
  .text              ro code  0x00002288     0xc  cstartup_M.o [5]
  .text              ro code  0x00002294     0x8  startup_V94XX.o [1]
  .rodata            const    0x0000229c     0x0  zero_init3.o [5]
  .rodata            const    0x0000229c     0x0  packbits_init_single.o [5]
  Initializer bytes  const    0x0000229c   0x1ae  <for P2-1>
                            - 0x0000244a  0x238a

"P2", part 1 of 3:                         0x210
  P2-1                        0x20000000   0x210  <Init block>
    .data            inited   0x20000000    0x24  loader.o [1]
    .data            inited   0x20000024   0x1e8  Main.o [1]
    .data            inited   0x2000020c     0x4  Main.o [1]
                            - 0x20000210   0x210

"P2", part 2 of 3:                         0xd90
  .bss               zero     0x20000210   0xb20  Main.o [1]
  .bss               zero     0x20000d30   0x104  Flash.o [1]
  .bss               zero     0x20000e34   0x100  loader.o [1]
  .bss               zero     0x20000f34    0x20  loader.o [1]
  .bss               zero     0x20000f54    0x1c  Driver_ISO7816_V94XX.o [1]
  .bss               zero     0x20000f70    0x14  Driver_ISO7816_V94XX.o [1]
  .bss               zero     0x20000f84     0x4  loader.o [1]
  .bss               zero     0x20000f88     0x4  Main.o [1]
  .bss               zero     0x20000f8c     0x4  V94XX_CLK.o [1]
  .bss               zero     0x20000f90     0x4  V94XX_ISR.o [1]
  .bss               zero     0x20000f94     0x4  V94XX_ISR.o [1]
  .bss               zero     0x20000f98     0x2  V94XX_ADC.o [1]
  .bss               zero     0x20000f9a     0x2  V94XX_CLK.o [1]
  .bss               zero     0x20000f9c     0x2  V94XX_FLASH.o [1]
  .bss               zero     0x20000f9e     0x1  UART_Program.o [1]
  .bss               zero     0x20000f9f     0x1  UART_Program.o [1]
                            - 0x20000fa0   0xd90

"P2", part 3 of 3:                        0x1000
  CSTACK                      0x20000fa0  0x1000  <Block>
    CSTACK           uninit   0x20000fa0  0x1000  <Block tail>
                            - 0x20001fa0  0x1000


*******************************************************************************
*** INIT TABLE
***

          Address     Size
          -------     ----
Zero (__iar_zero_init3)
    1 destination range, total size 0xd90:
          0x20000210  0xd90

Copy/packbits (__iar_packbits_init_single3)
    1 source range, total size 0x1ae (81% of destination):
          0x0000229c  0x1ae
    1 destination range, total size 0x210:
          0x20000000  0x210



*******************************************************************************
*** MODULE SUMMARY
***

    Module                  ro code  ro data  rw data
    ------                  -------  -------  -------
D:\ElsewedyElectrometer\FinalVersion\ModuleLoader\Compiler\Debug\Obj: [1]
    ADC_Program.o                48
    CLK_Program.o                74
    Driver_ISO7816_V94XX.o      800       12       48
    Flash.o                   1 184               260
    GPIO_Program.o              780
    I2C_Program.o                50
    Keypad._stub.o               40
    Main.o                      144      401    3 344
    SPI_Program.o               300
    UART_Program.o              548                 2
    V94XX_ADC.o                 240                 2
    V94XX_ANA.o                  32
    V94XX_CLK.o               1 064                 6
    V94XX_CORTEX.o              254
    V94XX_FLASH.o               224                 2
    V94XX_GPIO.o                200
    V94XX_I2C.o                 116
    V94XX_ISR.o                 452                 8
    V94XX_PMU.o                  24
    V94XX_RTC.o                 152
    V94XX_SPI.o                 212
    V94XX_TMR.o                  22
    V94XX_UART.o                174
    basic_srv.o                  72
    loader.o                    744       41      328
    meter_init.o                 44
    startup_V94XX.o             202
    -------------------------------------------------
    Total:                    8 196      454    4 000

command line: [2]
    -------------------------------------------------
    Total:

dl6M_tln.a: [3]
    exit.o                        8
    low_level_init.o              4
    -------------------------------------------------
    Total:                       12

m6M_tl.a: [4]
    -------------------------------------------------
    Total:

rt6M_tl.a: [5]
    ABImemcpy.o                  92
    ABImemset.o                  80
    I32DivModFast.o             174
    IntDivZer.o                   2
    cexit.o                      10
    cmain.o                      30
    cstartup_M.o                 12
    data_init.o                  40
    packbits_init_single.o       60
    zero_init3.o                 60
    -------------------------------------------------
    Total:                      560

shb_l.a: [6]
    exit.o                       20
    -------------------------------------------------
    Total:                       20

    Gaps                         16
    Linker created                        32    4 096
-----------------------------------------------------
    Grand Total:              8 804      486    8 096


*******************************************************************************
*** ENTRY LIST
***

Entry                      Address   Size  Type      Object
-----                      -------   ----  ----      ------
.iar.init_table$$Base   0x00002204          --   Gb  - Linker created -
.iar.init_table$$Limit  0x00002224          --   Gb  - Linker created -
?main                   0x00002225         Code  Gb  cmain.o [5]
ADC_DeInit              0x00001ec9   0x58  Code  Gb  V94XX_ADC.o [1]
ADC_Init                0x00001f21   0x50  Code  Gb  V94XX_ADC.o [1]
ADC_RESDivisionCmd      0x00001f95   0x20  Code  Gb  V94XX_ADC.o [1]
ANA_ClearINTStatus      0x00001ebd    0x6  Code  Gb  V94XX_ANA.o [1]
ANA_GetINTStatus        0x00001ea9   0x14  Code  Gb  V94XX_ANA.o [1]
ANA_IRQHandler          0x00001e7d   0x14  Code  Gb  V94XX_ISR.o [1]
ARM_ISO78160_IRQHandler
                        0x00001523    0xa  Code  Gb  Driver_ISO7816_V94XX.o [1]
ARM_ISO7816_IRQHandler  0x00001211  0x312  Code  Lc  Driver_ISO7816_V94XX.o [1]
CLK_ClockConfig         0x00000c9d  0x23e  Code  Gb  V94XX_CLK.o [1]
CLK_GetHCLKFreq         0x00000ef9  0x18c  Code  Gb  V94XX_CLK.o [1]
CLK_GetPCLKFreq         0x00001085   0x14  Code  Gb  V94XX_CLK.o [1]
CORTEX_NVIC_SystemReset
                        0x00001cc3    0x8  Code  Gb  V94XX_CORTEX.o [1]
CORTEX_SetPriority_ClearPending_EnableIRQ
                        0x00001ca1   0x22  Code  Gb  V94XX_CORTEX.o [1]
CSTACK$$Base            0x20000fa0          --   Gb  - Linker created -
CSTACK$$Limit           0x20001fa0          --   Gb  - Linker created -
ConvertUint32ToBytes    0x00000529   0x14  Code  Gb  Flash.o [1]
DMA_IRQHandler          0x00001e79    0x2  Code  Gb  V94XX_ISR.o [1]
Delay_ms                0x00000a75   0x18  Code  Gb  basic_srv.o [1]
Delay_us                0x00000a45   0x30  Code  Gb  basic_srv.o [1]
FLASH_Address_Avaliable
                        0x0000011b   0x12  Code  Gb  Flash.o [1]
FLASH_Avaliable         0x000001b1   0x2c  Code  Gb  Flash.o [1]
FLASH_Enable_Write      0x000001dd   0x74  Code  Gb  Flash.o [1]
FLASH_Form_Instruction  0x000000c1   0x5a  Code  Gb  Flash.o [1]
FLASH_GetWriteStatus    0x000018b5   0x12  Code  Gb  V94XX_FLASH.o [1]
FLASH_IRQHandler        0x00001e7b    0x2  Code  Gb  V94XX_ISR.o [1]
FLASH_ProgramByte       0x0000183b   0x7a  Code  Gb  V94XX_FLASH.o [1]
FLASH_Read_Status_Register
                        0x0000012d   0x84  Code  Gb  Flash.o [1]
FLASH_SectorErase       0x00001819   0x22  Code  Gb  V94XX_FLASH.o [1]
FLASH_Write_Status_Register
                        0x00000251   0x84  Code  Gb  Flash.o [1]
FLASH_gInit             0x000002d5   0x1c  Code  Gb  Flash.o [1]
FLASH_gReadPage         0x0000038d   0x94  Code  Gb  Flash.o [1]
FLASH_gSectorErase      0x0000042d   0x98  Code  Gb  Flash.o [1]
FLASH_gWritePage        0x000002f1   0x8e  Code  Gb  Flash.o [1]
FlashRead               0x000004d1   0x2c  Code  Gb  Flash.o [1]
FlashWrite              0x000004fd   0x2c  Code  Gb  Flash.o [1]
Flash_erase_sector_by_address
                        0x0000053d   0x24  Code  Gb  Flash.o [1]
GPIOA_Init              0x00000b55   0x46  Code  Gb  V94XX_GPIO.o [1]
GPIOA_ResetBits         0x00000bb9    0xa  Code  Gb  V94XX_GPIO.o [1]
GPIOA_SetBits           0x00000ba5    0xa  Code  Gb  V94XX_GPIO.o [1]
GPIOBToF_Init           0x00000b01   0x54  Code  Gb  V94XX_GPIO.o [1]
GPIOBToF_ResetBits      0x00000baf    0xa  Code  Gb  V94XX_GPIO.o [1]
GPIOBToF_SetBits        0x00000b9b    0xa  Code  Gb  V94XX_GPIO.o [1]
HardFault_Handler       0x00001cd7    0xa  Code  Gb  V94XX_ISR.o [1]
I2C_Cmd                 0x00000ad9   0x22  Code  Gb  V94XX_I2C.o [1]
I2C_DeInit              0x00000a8d   0x20  Code  Gb  V94XX_I2C.o [1]
I2C_IRQHandler          0x00001d09    0x2  Code  Gb  V94XX_ISR.o [1]
I2C_Init                0x00000aad   0x20  Code  Gb  V94XX_I2C.o [1]
ISO78160_Info           0x20000f70   0x14  Data  Lc  Driver_ISO7816_V94XX.o [1]
ISO78160_Resources      0x00002270    0xc  Data  Lc  Driver_ISO7816_V94XX.o [1]
ISO78160_Xfer           0x20000f54   0x1c  Data  Lc  Driver_ISO7816_V94XX.o [1]
ISO7816_IRQHandler      0x00001dc7    0x8  Code  Gb  V94XX_ISR.o [1]
Keypad_Init             0x000020c1   0x28  Code  Gb  Keypad._stub.o [1]
MODULE_SIZE             0x2000020c    0x4  Data  Gb  Main.o [1]
NMI_Handler             0x00001ccd    0xa  Code  Gb  V94XX_ISR.o [1]
NVIC_ClearPendingIRQ    0x00001bdb    0xe  Code  Lc  V94XX_CORTEX.o [1]
NVIC_EnableIRQ          0x00001bcd    0xe  Code  Lc  V94XX_CORTEX.o [1]
NVIC_SetPriority        0x00001be9   0x8c  Code  Lc  V94XX_CORTEX.o [1]
NVIC_SystemReset        0x00001c75   0x14  Code  Lc  V94XX_CORTEX.o [1]
PMU_GetPowerStatus      0x0000214d   0x14  Code  Gb  V94XX_PMU.o [1]
PMU_IRQHandler          0x00001ce7    0x2  Code  Gb  V94XX_ISR.o [1]
PWM0_IRQHandler         0x00001e71    0x2  Code  Gb  V94XX_ISR.o [1]
PWM1_IRQHandler         0x00001e73    0x2  Code  Gb  V94XX_ISR.o [1]
PWM2_IRQHandler         0x00001e75    0x2  Code  Gb  V94XX_ISR.o [1]
PWM3_IRQHandler         0x00001e77    0x2  Code  Gb  V94XX_ISR.o [1]
PendSV_Handler          0x00001ce3    0x2  Code  Gb  V94XX_ISR.o [1]
RTC_ClearINTStatus      0x00001113    0x6  Code  Gb  V94XX_RTC.o [1]
RTC_GetINTStatus        0x000010ff   0x14  Code  Gb  V94XX_RTC.o [1]
RTC_IRQHandler          0x00001ce9   0x1c  Code  Gb  V94XX_ISR.o [1]
RTC_PrescalerConfig     0x00001129   0x28  Code  Gb  V94XX_RTC.o [1]
RTC_WaitForSynchro      0x000010e7   0x18  Code  Gb  V94XX_RTC.o [1]
RTC_WriteProtection     0x000010c5   0x22  Code  Gb  V94XX_RTC.o [1]
Region$$Table$$Base     0x00002204          --   Gb  - Linker created -
Region$$Table$$Limit    0x00002224          --   Gb  - Linker created -
SPI1_rx_frame           0x0000096d   0x74  Code  Gb  SPI_Program.o [1]
SPI_Cmd                 0x00000c29   0x1c  Code  Gb  V94XX_SPI.o [1]
SPI_DeviceInit          0x00000bc9   0x3a  Code  Gb  V94XX_SPI.o [1]
SPI_GetStatus           0x00000c45   0x4a  Code  Gb  V94XX_SPI.o [1]
SPI_Init                0x00000c03   0x26  Code  Gb  V94XX_SPI.o [1]
SVC_Handler             0x00001ce1    0x2  Code  Gb  V94XX_ISR.o [1]
S_ADC_Init              0x0000211d   0x30  Code  Gb  ADC_Program.o [1]
S_CLK_Init              0x00002049   0x4a  Code  Gb  CLK_Program.o [1]
S_GPIO_Clear_Bits       0x00000833   0x36  Code  Gb  GPIO_Program.o [1]
S_GPIO_Set_Bits         0x000007fd   0x36  Code  Gb  GPIO_Program.o [1]
S_GpioInit_ALL_Modules  0x000005bd  0x220  Code  Gb  GPIO_Program.o [1]
S_GpioInit_PIN          0x00000869   0x46  Code  Gb  GPIO_Program.o [1]
S_I2C_INIT              0x000020e9   0x32  Code  Gb  I2C_Program.o [1]
S_SPI1_INIT             0x000008c9   0x38  Code  Gb  SPI_Program.o [1]
S_SPI1_TX_FRAME         0x00000901   0x6c  Code  Gb  SPI_Program.o [1]
S_UART_INIT             0x000018f9  0x206  Code  Gb  UART_Program.o [1]
SysTick_Handler         0x00001ce5    0x2  Code  Gb  V94XX_ISR.o [1]
TMR0_IRQHandler         0x00001dcf   0x14  Code  Gb  V94XX_ISR.o [1]
TMR1_IRQHandler         0x00001de3   0x14  Code  Gb  V94XX_ISR.o [1]
TMR2_IRQHandler         0x00001df7   0x36  Code  Gb  V94XX_ISR.o [1]
TMR2_IRQHandler::counter_10ms
                        0x20000f94    0x4  Data  Lc  V94XX_ISR.o [1]
TMR3_IRQHandler         0x00001e2d   0x14  Code  Gb  V94XX_ISR.o [1]
TMR_ClearINTStatus      0x00001ea1    0x6  Code  Gb  V94XX_TMR.o [1]
TMR_GetINTStatus        0x00001e91   0x10  Code  Gb  V94XX_TMR.o [1]
U32K0_IRQHandler        0x00001d05    0x2  Code  Gb  V94XX_ISR.o [1]
U32K1_IRQHandler        0x00001d07    0x2  Code  Gb  V94XX_ISR.o [1]
UART0_IRQHandler        0x00001d0b   0x2e  Code  Gb  V94XX_ISR.o [1]
UART1_IRQHandler        0x00001d39    0xc  Code  Gb  V94XX_ISR.o [1]
UART2_IRQHandler        0x00001d45   0x2e  Code  Gb  V94XX_ISR.o [1]
UART4_IRQHandler        0x00001d73   0x2e  Code  Gb  V94XX_ISR.o [1]
UART5_IRQHandler        0x00001da1   0x26  Code  Gb  V94XX_ISR.o [1]
UART_ClearINTStatus     0x00001bb1    0x4  Code  Gb  V94XX_UART.o [1]
UART_Cmd                0x00001bb5   0x16  Code  Gb  V94XX_UART.o [1]
UART_DeInit             0x00001b1d   0x28  Code  Gb  V94XX_UART.o [1]
UART_INTConfig          0x00001b99   0x18  Code  Gb  V94XX_UART.o [1]
UART_Init               0x00001b45   0x54  Code  Gb  V94XX_UART.o [1]
UartParityTemp          0x20000f9f    0x1  Data  Gb  UART_Program.o [1]
__ICFEDIT_region_RAM_end__ {Abs}
                        0x20007fff         Data  Gb  command line/config [2]
__ICFEDIT_region_RAM_start__ {Abs}
                        0x20000000         Data  Gb  command line/config [2]
__aeabi_idiv0           0x0000120d         Code  Gb  IntDivZer.o [5]
__aeabi_memcpy          0x00000561         Code  Gb  ABImemcpy.o [5]
__aeabi_memset          0x000009f5         Code  Gb  ABImemset.o [5]
__aeabi_uidiv           0x0000115d         Code  Gb  I32DivModFast.o [5]
__aeabi_uidivmod        0x0000115d         Code  Gb  I32DivModFast.o [5]
__cmain                 0x00002225         Code  Gb  cmain.o [5]
__exit                  0x0000225d   0x14  Code  Gb  exit.o [6]
__iar_Memset4_word      0x00000a15         Code  Gb  ABImemset.o [5]
__iar_Memset_word       0x00000a01         Code  Gb  ABImemset.o [5]
__iar_data_init3        0x000021dd   0x28  Code  Gb  data_init.o [5]
__iar_packbits_init_single3
                        0x000021a1   0x3c  Code  Gb  packbits_init_single.o [5]
__iar_program_start     0x00002289         Code  Gb  cstartup_M.o [5]
__iar_systems$$module {Abs}
                        0x00000001         Data  Gb  command line/config [2]
__iar_zero_init3        0x00002165   0x3c  Code  Gb  zero_init3.o [5]
__low_level_init        0x00002243    0x4  Code  Gb  low_level_init.o [3]
__vector_table          0x00000000         Data  Gb  startup_V94XX.o [1]
_call_main              0x00002231         Code  Gb  cmain.o [5]
_exit                   0x00002251         Code  Gb  cexit.o [5]
_main                   0x0000223f         Code  Gb  cmain.o [5]
ana_reg3_tmp            0x20000f8c    0x4  Data  Gb  V94XX_CLK.o [1]
clear_even_parity_flag  0x20000f9e    0x1  Data  Gb  UART_Program.o [1]
convert_addr            0x00001565    0xe  Code  Lc  loader.o [1]
counter_1ms             0x20000f90    0x4  Data  Gb  V94XX_ISR.o [1]
crc16_update            0x00001531   0x34  Code  Lc  loader.o [1]
erase_sector            0x00001573   0x2a  Code  Lc  loader.o [1]
exit                    0x00002247    0x8  Code  Gb  exit.o [3]
flash_addr              0x20000f88    0x4  Data  Gb  Main.o [1]
g_chunk_buffer          0x20000e34  0x100  Data  Lc  loader.o [1]
g_func_entries          0x20000f34   0x20  Data  Lc  loader.o [1]
g_loader                0x20000000   0x24  Data  Lc  loader.o [1]
g_module_addresses      0x0000227c    0xc  Data  Lc  loader.o [1]
g_total_loads           0x20000f84    0x4  Data  Lc  loader.o [1]
loader_get_function     0x000017c3   0x2c  Code  Gb  loader.o [1]
loader_is_loaded        0x000017ad   0x16  Code  Gb  loader.o [1]
loader_load_module      0x000015ff  0x1ae  Code  Gb  loader.o [1]
main                    0x00001fb9   0x7e  Code  Gb  Main.o [1]
module_data             0x20000024  0x1e8  Data  Gb  Main.o [1]
read_buf                0x20000210  0xb20  Data  Gb  Main.o [1]
read_ext                0x000015d9   0x26  Code  Lc  loader.o [1]
timeout_adc             0x20000f98    0x2  Data  Gb  V94XX_ADC.o [1]
timeout_clk             0x20000f9a    0x2  Data  Gb  V94XX_CLK.o [1]
timeout_flash           0x20000f9c    0x2  Data  Gb  V94XX_FLASH.o [1]
tx_instruction_frame    0x20000d30  0x104  Data  Lc  Flash.o [1]
vMC_DriversInit         0x00002095   0x28  Code  Gb  meter_init.o [1]
write_flash             0x0000159d   0x3c  Code  Lc  loader.o [1]


[1] = D:\ElsewedyElectrometer\FinalVersion\ModuleLoader\Compiler\Debug\Obj
[2] = command line
[3] = dl6M_tln.a
[4] = m6M_tl.a
[5] = rt6M_tl.a
[6] = shb_l.a

  8 804 bytes of readonly  code memory
    486 bytes of readonly  data memory
  8 096 bytes of readwrite data memory

Errors: none
Warnings: none
