###############################################################################
#
# IAR ELF Linker V8.22.1.15669/W32 for ARM                08/Feb/2026  15:03:10
# Copyright 2007-2018 IAR Systems AB.
#
#    Output file  =  
#        D:\ElsewedyElectrometer\FinalVersion\Module\Module\Compiler\Debug\Exe\V94XX.out
#    Map file     =  
#        D:\ElsewedyElectrometer\FinalVersion\Module\Module\Compiler\Debug\List\V94XX.map
#    Command line =  
#        -f C:\Users\IT\AppData\Local\Temp\EWC3DB.tmp
#        (D:\ElsewedyElectrometer\FinalVersion\Module\Module\Compiler\Debug\Obj\ADC_Program.o
#        D:\ElsewedyElectrometer\FinalVersion\Module\Module\Compiler\Debug\Obj\CLK_Program.o
#        D:\ElsewedyElectrometer\FinalVersion\Module\Module\Compiler\Debug\Obj\Driver_ISO7816_V85XX.o
#        D:\ElsewedyElectrometer\FinalVersion\Module\Module\Compiler\Debug\Obj\Driver_ISO7816_V94XX.o
#        D:\ElsewedyElectrometer\FinalVersion\Module\Module\Compiler\Debug\Obj\GPIO_Program.o
#        D:\ElsewedyElectrometer\FinalVersion\Module\Module\Compiler\Debug\Obj\I2C_Program.o
#        D:\ElsewedyElectrometer\FinalVersion\Module\Module\Compiler\Debug\Obj\ISO7816_Program.o
#        D:\ElsewedyElectrometer\FinalVersion\Module\Module\Compiler\Debug\Obj\keypad.o
#        D:\ElsewedyElectrometer\FinalVersion\Module\Module\Compiler\Debug\Obj\meter_init.o
#        D:\ElsewedyElectrometer\FinalVersion\Module\Module\Compiler\Debug\Obj\RTC_Program.o
#        D:\ElsewedyElectrometer\FinalVersion\Module\Module\Compiler\Debug\Obj\SPI_Program.o
#        D:\ElsewedyElectrometer\FinalVersion\Module\Module\Compiler\Debug\Obj\System_V94XX.o
#        D:\ElsewedyElectrometer\FinalVersion\Module\Module\Compiler\Debug\Obj\SystemTick_Program.o
#        D:\ElsewedyElectrometer\FinalVersion\Module\Module\Compiler\Debug\Obj\Timer_Program.o
#        D:\ElsewedyElectrometer\FinalVersion\Module\Module\Compiler\Debug\Obj\UART_Program.o
#        D:\ElsewedyElectrometer\FinalVersion\Module\Module\Compiler\Debug\Obj\v85xx_adc.o
#        D:\ElsewedyElectrometer\FinalVersion\Module\Module\Compiler\Debug\Obj\v85xx_adc_tiny.o
#        D:\ElsewedyElectrometer\FinalVersion\Module\Module\Compiler\Debug\Obj\v85xx_ana.o
#        D:\ElsewedyElectrometer\FinalVersion\Module\Module\Compiler\Debug\Obj\v85xx_clk.o
#        D:\ElsewedyElectrometer\FinalVersion\Module\Module\Compiler\Debug\Obj\v85xx_comp.o
#        D:\ElsewedyElectrometer\FinalVersion\Module\Module\Compiler\Debug\Obj\v85xx_cortex.o
#        D:\ElsewedyElectrometer\FinalVersion\Module\Module\Compiler\Debug\Obj\v85xx_crypt.o
#        D:\ElsewedyElectrometer\FinalVersion\Module\Module\Compiler\Debug\Obj\v85xx_dma.o
#        D:\ElsewedyElectrometer\FinalVersion\Module\Module\Compiler\Debug\Obj\v85xx_flash.o
#        D:\ElsewedyElectrometer\FinalVersion\Module\Module\Compiler\Debug\Obj\v85xx_gpio.o
#        D:\ElsewedyElectrometer\FinalVersion\Module\Module\Compiler\Debug\Obj\v85xx_i2c.o
#        D:\ElsewedyElectrometer\FinalVersion\Module\Module\Compiler\Debug\Obj\v85xx_iso7816.o
#        D:\ElsewedyElectrometer\FinalVersion\Module\Module\Compiler\Debug\Obj\v85xx_isr.o
#        D:\ElsewedyElectrometer\FinalVersion\Module\Module\Compiler\Debug\Obj\v85xx_lcd.o
#        D:\ElsewedyElectrometer\FinalVersion\Module\Module\Compiler\Debug\Obj\v85xx_LoadNVR.o
#        D:\ElsewedyElectrometer\FinalVersion\Module\Module\Compiler\Debug\Obj\v85xx_misc.o
#        D:\ElsewedyElectrometer\FinalVersion\Module\Module\Compiler\Debug\Obj\v85xx_pmu.o
#        D:\ElsewedyElectrometer\FinalVersion\Module\Module\Compiler\Debug\Obj\v85xx_pwm.o
#        D:\ElsewedyElectrometer\FinalVersion\Module\Module\Compiler\Debug\Obj\v85xx_rtc.o
#        D:\ElsewedyElectrometer\FinalVersion\Module\Module\Compiler\Debug\Obj\v85xx_spi.o
#        D:\ElsewedyElectrometer\FinalVersion\Module\Module\Compiler\Debug\Obj\v85xx_tmr.o
#        D:\ElsewedyElectrometer\FinalVersion\Module\Module\Compiler\Debug\Obj\v85xx_u32k.o
#        D:\ElsewedyElectrometer\FinalVersion\Module\Module\Compiler\Debug\Obj\v85xx_uart.o
#        D:\ElsewedyElectrometer\FinalVersion\Module\Module\Compiler\Debug\Obj\v85xx_version.o
#        D:\ElsewedyElectrometer\FinalVersion\Module\Module\Compiler\Debug\Obj\v85xx_wdt.o
#        D:\ElsewedyElectrometer\FinalVersion\Module\Module\Compiler\Debug\Obj\V94XX_ADC.o
#        D:\ElsewedyElectrometer\FinalVersion\Module\Module\Compiler\Debug\Obj\V94XX_ADC_Tiny.o
#        D:\ElsewedyElectrometer\FinalVersion\Module\Module\Compiler\Debug\Obj\V94XX_ANA.o
#        D:\ElsewedyElectrometer\FinalVersion\Module\Module\Compiler\Debug\Obj\V94XX_CLK.o
#        D:\ElsewedyElectrometer\FinalVersion\Module\Module\Compiler\Debug\Obj\V94XX_CodeRAM.o
#        D:\ElsewedyElectrometer\FinalVersion\Module\Module\Compiler\Debug\Obj\V94XX_COMP.o
#        D:\ElsewedyElectrometer\FinalVersion\Module\Module\Compiler\Debug\Obj\V94XX_CORTEX.o
#        D:\ElsewedyElectrometer\FinalVersion\Module\Module\Compiler\Debug\Obj\V94XX_CRYPT.o
#        D:\ElsewedyElectrometer\FinalVersion\Module\Module\Compiler\Debug\Obj\V94XX_DMA.o
#        D:\ElsewedyElectrometer\FinalVersion\Module\Module\Compiler\Debug\Obj\V94XX_FLASH.o
#        D:\ElsewedyElectrometer\FinalVersion\Module\Module\Compiler\Debug\Obj\V94XX_GPIO.o
#        D:\ElsewedyElectrometer\FinalVersion\Module\Module\Compiler\Debug\Obj\V94XX_I2C.o
#        D:\ElsewedyElectrometer\FinalVersion\Module\Module\Compiler\Debug\Obj\V94XX_ISO7816.o
#        D:\ElsewedyElectrometer\FinalVersion\Module\Module\Compiler\Debug\Obj\V94XX_ISR.o
#        D:\ElsewedyElectrometer\FinalVersion\Module\Module\Compiler\Debug\Obj\V94XX_LCD.o
#        D:\ElsewedyElectrometer\FinalVersion\Module\Module\Compiler\Debug\Obj\V94XX_LoadNVR.o
#        D:\ElsewedyElectrometer\FinalVersion\Module\Module\Compiler\Debug\Obj\V94XX_MISC.o
#        D:\ElsewedyElectrometer\FinalVersion\Module\Module\Compiler\Debug\Obj\V94XX_PMU.o
#        D:\ElsewedyElectrometer\FinalVersion\Module\Module\Compiler\Debug\Obj\V94XX_PWM.o
#        D:\ElsewedyElectrometer\FinalVersion\Module\Module\Compiler\Debug\Obj\V94XX_RTC.o
#        D:\ElsewedyElectrometer\FinalVersion\Module\Module\Compiler\Debug\Obj\V94XX_SPI.o
#        D:\ElsewedyElectrometer\FinalVersion\Module\Module\Compiler\Debug\Obj\V94XX_TMR.o
#        D:\ElsewedyElectrometer\FinalVersion\Module\Module\Compiler\Debug\Obj\V94XX_U32K.o
#        D:\ElsewedyElectrometer\FinalVersion\Module\Module\Compiler\Debug\Obj\V94XX_UART.o
#        D:\ElsewedyElectrometer\FinalVersion\Module\Module\Compiler\Debug\Obj\V94XX_Version.o
#        D:\ElsewedyElectrometer\FinalVersion\Module\Module\Compiler\Debug\Obj\V94XX_WDT.o
#        -o
#        D:\ElsewedyElectrometer\FinalVersion\Module\Module\Compiler\Debug\Exe\V94XX.out
#        --map
#        D:\ElsewedyElectrometer\FinalVersion\Module\Module\Compiler\Debug\List\V94XX.map
#        --log initialization,modules,redirects,sections,call_graph --log_file
#        D:\ElsewedyElectrometer\FinalVersion\Module\Module\Compiler\Debug\List\V94XX.log
#        --config
#        D:\ElsewedyElectrometer\FinalVersion\Module\Module\Compiler\V94XX_flash.icf
#        --no_library_search --no_entry --no_exceptions --vfe --text_out
#        locale)
#
###############################################################################

*******************************************************************************
*** RUNTIME MODEL ATTRIBUTES
***

__SystemLibrary = DLib
__dlib_version  = 6


*******************************************************************************
*** PLACEMENT SUMMARY
***

"P1":  place in [from 0x0003c000 to 0x0003ffff] {
          ro section .module_header, ro section .module_code,
          ro section .module_func_table };

No sections matched the following patterns:

  ro section .module_header  in "P1"


  Section             Kind        Address  Size  Object
  -------             ----        -------  ----  ------
"P1":                                      0x40
  .module_code        ro code  0x0003c000  0x2e  keypad.o [1]
  .module_func_table  const    0x0003c030  0x10  keypad.o [1]
                             - 0x0003c040  0x40



*******************************************************************************
*** MODULE SUMMARY
***

    Module        ro code  ro data
    ------        -------  -------
D:\ElsewedyElectrometer\FinalVersion\Module\Module\Compiler\Debug\Obj: [1]
    keypad.o           46       16
    ------------------------------
    Total:             46       16

    Gaps                         2
----------------------------------
    Grand Total:       46       18


*******************************************************************************
*** ENTRY LIST
***

Entry                      Address  Size  Type      Object
-----                      -------  ----  ----      ------
__iar_systems$$module {Abs}
                        0x00000001        Data  Gb  command line/config [2]
keypad_deinit           0x0003c005   0x2  Code  Gb  keypad.o [1]
keypad_func_table       0x0003c030  0x10  Data  Gb  keypad.o [1]
keypad_get_key          0x0003c007  0x12  Code  Gb  keypad.o [1]
keypad_init             0x0003c001   0x4  Code  Gb  keypad.o [1]
keypad_wait_for_key     0x0003c019  0x16  Code  Gb  keypad.o [1]


[1] = D:\ElsewedyElectrometer\FinalVersion\Module\Module\Compiler\Debug\Obj
[2] = command line

  46 bytes of readonly  code memory
  18 bytes of readonly  data memory

Errors: none
Warnings: none
